09:50:16 **** Build of configuration Debug for project UART_polling_Polling ****
make -r -j4 all 
Building file: ../utilities/fsl_debug_console.c
Building file: ../utilities/fsl_str.c
Building file: ../startup/startup_mk64f12.c
Invoking: MCU C Compiler
arm-none-eabi-gcc -D__REDLIB__ -DCPU_MK64FN1M0VLL12 -DCPU_MK64FN1M0VLL12_cm4 -DSDK_OS_BAREMETAL -DSERIAL_PORT_TYPE_UART=1 -DSDK_DEBUGCONSOLE=1 -DCR_INTEGER_PRINTF -DPRINTF_FLOAT_ENABLE=0 -D__MCUXPRESSO -D__USE_CMSIS -DDEBUG -I"/home/divine/Desktop/FRDM-UART/UART_polling_Polling/board" -I"/home/divine/Desktop/FRDM-UART/UART_polling_Polling/source" -I"/home/divine/Desktop/FRDM-UART/UART_polling_Polling/drivers" -I"/home/divine/Desktop/FRDM-UART/UART_polling_Polling/utilities" -I"/home/divine/Desktop/FRDM-UART/UART_polling_Polling/component/serial_manager" -I"/home/divine/Desktop/FRDM-UART/UART_polling_Polling/component/uart" -I"/home/divine/Desktop/FRDM-UART/UART_polling_Polling/component/lists" -I"/home/divine/Desktop/FRDM-UART/UART_polling_Polling/CMSIS" -I"/home/divine/Desktop/FRDM-UART/UART_polling_Polling/device" -O0 -fno-common -g3 -Wall -c -ffunction-sections -fdata-sections -ffreestanding -fno-builtin -fmerge-constants -fmacro-prefix-map="../utilities/"=. -mcpu=cortex-m4 -mfpu=fpv4-sp-d16 -mfloat-abi=hard -mthumb -D__REDLIB__ -fstack-usage -specs=redlib.specs -MMD -MP -MF"utilities/fsl_debug_console.d" -MT"utilities/fsl_debug_console.o" -MT"utilities/fsl_debug_console.d" -o "utilities/fsl_debug_console.o" "../utilities/fsl_debug_console.c"
Invoking: MCU C Compiler
Invoking: MCU C Compiler
arm-none-eabi-gcc -D__REDLIB__ -DCPU_MK64FN1M0VLL12 -DCPU_MK64FN1M0VLL12_cm4 -DSDK_OS_BAREMETAL -DSERIAL_PORT_TYPE_UART=1 -DSDK_DEBUGCONSOLE=1 -DCR_INTEGER_PRINTF -DPRINTF_FLOAT_ENABLE=0 -D__MCUXPRESSO -D__USE_CMSIS -DDEBUG -I"/home/divine/Desktop/FRDM-UART/UART_polling_Polling/board" -I"/home/divine/Desktop/FRDM-UART/UART_polling_Polling/source" -I"/home/divine/Desktop/FRDM-UART/UART_polling_Polling/drivers" -I"/home/divine/Desktop/FRDM-UART/UART_polling_Polling/utilities" -I"/home/divine/Desktop/FRDM-UART/UART_polling_Polling/component/serial_manager" -I"/home/divine/Desktop/FRDM-UART/UART_polling_Polling/component/uart" -I"/home/divine/Desktop/FRDM-UART/UART_polling_Polling/component/lists" -I"/home/divine/Desktop/FRDM-UART/UART_polling_Polling/CMSIS" -I"/home/divine/Desktop/FRDM-UART/UART_polling_Polling/device" -O0 -fno-common -g3 -Wall -c -ffunction-sections -fdata-sections -ffreestanding -fno-builtin -fmerge-constants -fmacro-prefix-map="../utilities/"=. -mcpu=cortex-m4 -mfpu=fpv4-sp-d16 -mfloat-abi=hard -mthumb -D__REDLIB__ -fstack-usage -specs=redlib.specs -MMD -MP -MF"utilities/fsl_str.d" -MT"utilities/fsl_str.o" -MT"utilities/fsl_str.d" -o "utilities/fsl_str.o" "../utilities/fsl_str.c"
arm-none-eabi-gcc -D__REDLIB__ -DCPU_MK64FN1M0VLL12 -DCPU_MK64FN1M0VLL12_cm4 -DSDK_OS_BAREMETAL -DSERIAL_PORT_TYPE_UART=1 -DSDK_DEBUGCONSOLE=1 -DCR_INTEGER_PRINTF -DPRINTF_FLOAT_ENABLE=0 -D__MCUXPRESSO -D__USE_CMSIS -DDEBUG -I"/home/divine/Desktop/FRDM-UART/UART_polling_Polling/board" -I"/home/divine/Desktop/FRDM-UART/UART_polling_Polling/source" -I"/home/divine/Desktop/FRDM-UART/UART_polling_Polling/drivers" -I"/home/divine/Desktop/FRDM-UART/UART_polling_Polling/utilities" -I"/home/divine/Desktop/FRDM-UART/UART_polling_Polling/component/serial_manager" -I"/home/divine/Desktop/FRDM-UART/UART_polling_Polling/component/uart" -I"/home/divine/Desktop/FRDM-UART/UART_polling_Polling/component/lists" -I"/home/divine/Desktop/FRDM-UART/UART_polling_Polling/CMSIS" -I"/home/divine/Desktop/FRDM-UART/UART_polling_Polling/device" -O0 -fno-common -g3 -Wall -c -ffunction-sections -fdata-sections -ffreestanding -fno-builtin -fmerge-constants -fmacro-prefix-map="../startup/"=. -mcpu=cortex-m4 -mfpu=fpv4-sp-d16 -mfloat-abi=hard -mthumb -D__REDLIB__ -fstack-usage -specs=redlib.specs -MMD -MP -MF"startup/startup_mk64f12.d" -MT"startup/startup_mk64f12.o" -MT"startup/startup_mk64f12.d" -o "startup/startup_mk64f12.o" "../startup/startup_mk64f12.c"
Building file: ../source/main.c
Invoking: MCU C Compiler
arm-none-eabi-gcc -D__REDLIB__ -DCPU_MK64FN1M0VLL12 -DCPU_MK64FN1M0VLL12_cm4 -DSDK_OS_BAREMETAL -DSERIAL_PORT_TYPE_UART=1 -DSDK_DEBUGCONSOLE=1 -DCR_INTEGER_PRINTF -DPRINTF_FLOAT_ENABLE=0 -D__MCUXPRESSO -D__USE_CMSIS -DDEBUG -I"/home/divine/Desktop/FRDM-UART/UART_polling_Polling/board" -I"/home/divine/Desktop/FRDM-UART/UART_polling_Polling/source" -I"/home/divine/Desktop/FRDM-UART/UART_polling_Polling/drivers" -I"/home/divine/Desktop/FRDM-UART/UART_polling_Polling/utilities" -I"/home/divine/Desktop/FRDM-UART/UART_polling_Polling/component/serial_manager" -I"/home/divine/Desktop/FRDM-UART/UART_polling_Polling/component/uart" -I"/home/divine/Desktop/FRDM-UART/UART_polling_Polling/component/lists" -I"/home/divine/Desktop/FRDM-UART/UART_polling_Polling/CMSIS" -I"/home/divine/Desktop/FRDM-UART/UART_polling_Polling/device" -O0 -fno-common -g3 -Wall -c -ffunction-sections -fdata-sections -ffreestanding -fno-builtin -fmerge-constants -fmacro-prefix-map="../source/"=. -mcpu=cortex-m4 -mfpu=fpv4-sp-d16 -mfloat-abi=hard -mthumb -D__REDLIB__ -fstack-usage -specs=redlib.specs -MMD -MP -MF"source/main.d" -MT"source/main.o" -MT"source/main.d" -o "source/main.o" "../source/main.c"
../source/main.c: In function 'main':
../source/main.c:89:2: warning: implicit declaration of function 'Init_UART0' [-Wimplicit-function-declaration]
   89 |  Init_UART0();
      |  ^~~~~~~~~~
Finished building: ../startup/startup_mk64f12.c
 
Building file: ../source/uart.c
Invoking: MCU C Compiler
arm-none-eabi-gcc -D__REDLIB__ -DCPU_MK64FN1M0VLL12 -DCPU_MK64FN1M0VLL12_cm4 -DSDK_OS_BAREMETAL -DSERIAL_PORT_TYPE_UART=1 -DSDK_DEBUGCONSOLE=1 -DCR_INTEGER_PRINTF -DPRINTF_FLOAT_ENABLE=0 -D__MCUXPRESSO -D__USE_CMSIS -DDEBUG -I"/home/divine/Desktop/FRDM-UART/UART_polling_Polling/board" -I"/home/divine/Desktop/FRDM-UART/UART_polling_Polling/source" -I"/home/divine/Desktop/FRDM-UART/UART_polling_Polling/drivers" -I"/home/divine/Desktop/FRDM-UART/UART_polling_Polling/utilities" -I"/home/divine/Desktop/FRDM-UART/UART_polling_Polling/component/serial_manager" -I"/home/divine/Desktop/FRDM-UART/UART_polling_Polling/component/uart" -I"/home/divine/Desktop/FRDM-UART/UART_polling_Polling/component/lists" -I"/home/divine/Desktop/FRDM-UART/UART_polling_Polling/CMSIS" -I"/home/divine/Desktop/FRDM-UART/UART_polling_Polling/device" -O0 -fno-common -g3 -Wall -c -ffunction-sections -fdata-sections -ffreestanding -fno-builtin -fmerge-constants -fmacro-prefix-map="../source/"=. -mcpu=cortex-m4 -mfpu=fpv4-sp-d16 -mfloat-abi=hard -mthumb -D__REDLIB__ -fstack-usage -specs=redlib.specs -MMD -MP -MF"source/uart.d" -MT"source/uart.o" -MT"source/uart.d" -o "source/uart.o" "../source/uart.c"
Finished building: ../source/main.c
 
Building file: ../drivers/fsl_adc16.c
Invoking: MCU C Compiler
arm-none-eabi-gcc -D__REDLIB__ -DCPU_MK64FN1M0VLL12 -DCPU_MK64FN1M0VLL12_cm4 -DSDK_OS_BAREMETAL -DSERIAL_PORT_TYPE_UART=1 -DSDK_DEBUGCONSOLE=1 -DCR_INTEGER_PRINTF -DPRINTF_FLOAT_ENABLE=0 -D__MCUXPRESSO -D__USE_CMSIS -DDEBUG -I"/home/divine/Desktop/FRDM-UART/UART_polling_Polling/board" -I"/home/divine/Desktop/FRDM-UART/UART_polling_Polling/source" -I"/home/divine/Desktop/FRDM-UART/UART_polling_Polling/drivers" -I"/home/divine/Desktop/FRDM-UART/UART_polling_Polling/utilities" -I"/home/divine/Desktop/FRDM-UART/UART_polling_Polling/component/serial_manager" -I"/home/divine/Desktop/FRDM-UART/UART_polling_Polling/component/uart" -I"/home/divine/Desktop/FRDM-UART/UART_polling_Polling/component/lists" -I"/home/divine/Desktop/FRDM-UART/UART_polling_Polling/CMSIS" -I"/home/divine/Desktop/FRDM-UART/UART_polling_Polling/device" -O0 -fno-common -g3 -Wall -c -ffunction-sections -fdata-sections -ffreestanding -fno-builtin -fmerge-constants -fmacro-prefix-map="../drivers/"=. -mcpu=cortex-m4 -mfpu=fpv4-sp-d16 -mfloat-abi=hard -mthumb -D__REDLIB__ -fstack-usage -specs=redlib.specs -MMD -MP -MF"drivers/fsl_adc16.d" -MT"drivers/fsl_adc16.o" -MT"drivers/fsl_adc16.d" -o "drivers/fsl_adc16.o" "../drivers/fsl_adc16.c"
Finished building: ../utilities/fsl_debug_console.c
 
Building file: ../drivers/fsl_clock.c
Invoking: MCU C Compiler
arm-none-eabi-gcc -D__REDLIB__ -DCPU_MK64FN1M0VLL12 -DCPU_MK64FN1M0VLL12_cm4 -DSDK_OS_BAREMETAL -DSERIAL_PORT_TYPE_UART=1 -DSDK_DEBUGCONSOLE=1 -DCR_INTEGER_PRINTF -DPRINTF_FLOAT_ENABLE=0 -D__MCUXPRESSO -D__USE_CMSIS -DDEBUG -I"/home/divine/Desktop/FRDM-UART/UART_polling_Polling/board" -I"/home/divine/Desktop/FRDM-UART/UART_polling_Polling/source" -I"/home/divine/Desktop/FRDM-UART/UART_polling_Polling/drivers" -I"/home/divine/Desktop/FRDM-UART/UART_polling_Polling/utilities" -I"/home/divine/Desktop/FRDM-UART/UART_polling_Polling/component/serial_manager" -I"/home/divine/Desktop/FRDM-UART/UART_polling_Polling/component/uart" -I"/home/divine/Desktop/FRDM-UART/UART_polling_Polling/component/lists" -I"/home/divine/Desktop/FRDM-UART/UART_polling_Polling/CMSIS" -I"/home/divine/Desktop/FRDM-UART/UART_polling_Polling/device" -O0 -fno-common -g3 -Wall -c -ffunction-sections -fdata-sections -ffreestanding -fno-builtin -fmerge-constants -fmacro-prefix-map="../drivers/"=. -mcpu=cortex-m4 -mfpu=fpv4-sp-d16 -mfloat-abi=hard -mthumb -D__REDLIB__ -fstack-usage -specs=redlib.specs -MMD -MP -MF"drivers/fsl_clock.d" -MT"drivers/fsl_clock.o" -MT"drivers/fsl_clock.d" -o "drivers/fsl_clock.o" "../drivers/fsl_clock.c"
Finished building: ../utilities/fsl_str.c
 
Building file: ../drivers/fsl_common.c
Invoking: MCU C Compiler
arm-none-eabi-gcc -D__REDLIB__ -DCPU_MK64FN1M0VLL12 -DCPU_MK64FN1M0VLL12_cm4 -DSDK_OS_BAREMETAL -DSERIAL_PORT_TYPE_UART=1 -DSDK_DEBUGCONSOLE=1 -DCR_INTEGER_PRINTF -DPRINTF_FLOAT_ENABLE=0 -D__MCUXPRESSO -D__USE_CMSIS -DDEBUG -I"/home/divine/Desktop/FRDM-UART/UART_polling_Polling/board" -I"/home/divine/Desktop/FRDM-UART/UART_polling_Polling/source" -I"/home/divine/Desktop/FRDM-UART/UART_polling_Polling/drivers" -I"/home/divine/Desktop/FRDM-UART/UART_polling_Polling/utilities" -I"/home/divine/Desktop/FRDM-UART/UART_polling_Polling/component/serial_manager" -I"/home/divine/Desktop/FRDM-UART/UART_polling_Polling/component/uart" -I"/home/divine/Desktop/FRDM-UART/UART_polling_Polling/component/lists" -I"/home/divine/Desktop/FRDM-UART/UART_polling_Polling/CMSIS" -I"/home/divine/Desktop/FRDM-UART/UART_polling_Polling/device" -O0 -fno-common -g3 -Wall -c -ffunction-sections -fdata-sections -ffreestanding -fno-builtin -fmerge-constants -fmacro-prefix-map="../drivers/"=. -mcpu=cortex-m4 -mfpu=fpv4-sp-d16 -mfloat-abi=hard -mthumb -D__REDLIB__ -fstack-usage -specs=redlib.specs -MMD -MP -MF"drivers/fsl_common.d" -MT"drivers/fsl_common.o" -MT"drivers/fsl_common.d" -o "drivers/fsl_common.o" "../drivers/fsl_common.c"
Finished building: ../source/uart.c
 
Building file: ../drivers/fsl_common_arm.c
Invoking: MCU C Compiler
arm-none-eabi-gcc -D__REDLIB__ -DCPU_MK64FN1M0VLL12 -DCPU_MK64FN1M0VLL12_cm4 -DSDK_OS_BAREMETAL -DSERIAL_PORT_TYPE_UART=1 -DSDK_DEBUGCONSOLE=1 -DCR_INTEGER_PRINTF -DPRINTF_FLOAT_ENABLE=0 -D__MCUXPRESSO -D__USE_CMSIS -DDEBUG -I"/home/divine/Desktop/FRDM-UART/UART_polling_Polling/board" -I"/home/divine/Desktop/FRDM-UART/UART_polling_Polling/source" -I"/home/divine/Desktop/FRDM-UART/UART_polling_Polling/drivers" -I"/home/divine/Desktop/FRDM-UART/UART_polling_Polling/utilities" -I"/home/divine/Desktop/FRDM-UART/UART_polling_Polling/component/serial_manager" -I"/home/divine/Desktop/FRDM-UART/UART_polling_Polling/component/uart" -I"/home/divine/Desktop/FRDM-UART/UART_polling_Polling/component/lists" -I"/home/divine/Desktop/FRDM-UART/UART_polling_Polling/CMSIS" -I"/home/divine/Desktop/FRDM-UART/UART_polling_Polling/device" -O0 -fno-common -g3 -Wall -c -ffunction-sections -fdata-sections -ffreestanding -fno-builtin -fmerge-constants -fmacro-prefix-map="../drivers/"=. -mcpu=cortex-m4 -mfpu=fpv4-sp-d16 -mfloat-abi=hard -mthumb -D__REDLIB__ -fstack-usage -specs=redlib.specs -MMD -MP -MF"drivers/fsl_common_arm.d" -MT"drivers/fsl_common_arm.o" -MT"drivers/fsl_common_arm.d" -o "drivers/fsl_common_arm.o" "../drivers/fsl_common_arm.c"
Finished building: ../drivers/fsl_adc16.c
 
Building file: ../drivers/fsl_gpio.c
Invoking: MCU C Compiler
arm-none-eabi-gcc -D__REDLIB__ -DCPU_MK64FN1M0VLL12 -DCPU_MK64FN1M0VLL12_cm4 -DSDK_OS_BAREMETAL -DSERIAL_PORT_TYPE_UART=1 -DSDK_DEBUGCONSOLE=1 -DCR_INTEGER_PRINTF -DPRINTF_FLOAT_ENABLE=0 -D__MCUXPRESSO -D__USE_CMSIS -DDEBUG -I"/home/divine/Desktop/FRDM-UART/UART_polling_Polling/board" -I"/home/divine/Desktop/FRDM-UART/UART_polling_Polling/source" -I"/home/divine/Desktop/FRDM-UART/UART_polling_Polling/drivers" -I"/home/divine/Desktop/FRDM-UART/UART_polling_Polling/utilities" -I"/home/divine/Desktop/FRDM-UART/UART_polling_Polling/component/serial_manager" -I"/home/divine/Desktop/FRDM-UART/UART_polling_Polling/component/uart" -I"/home/divine/Desktop/FRDM-UART/UART_polling_Polling/component/lists" -I"/home/divine/Desktop/FRDM-UART/UART_polling_Polling/CMSIS" -I"/home/divine/Desktop/FRDM-UART/UART_polling_Polling/device" -O0 -fno-common -g3 -Wall -c -ffunction-sections -fdata-sections -ffreestanding -fno-builtin -fmerge-constants -fmacro-prefix-map="../drivers/"=. -mcpu=cortex-m4 -mfpu=fpv4-sp-d16 -mfloat-abi=hard -mthumb -D__REDLIB__ -fstack-usage -specs=redlib.specs -MMD -MP -MF"drivers/fsl_gpio.d" -MT"drivers/fsl_gpio.o" -MT"drivers/fsl_gpio.d" -o "drivers/fsl_gpio.o" "../drivers/fsl_gpio.c"
Finished building: ../drivers/fsl_common.c
 
Building file: ../drivers/fsl_i2c.c
Invoking: MCU C Compiler
arm-none-eabi-gcc -D__REDLIB__ -DCPU_MK64FN1M0VLL12 -DCPU_MK64FN1M0VLL12_cm4 -DSDK_OS_BAREMETAL -DSERIAL_PORT_TYPE_UART=1 -DSDK_DEBUGCONSOLE=1 -DCR_INTEGER_PRINTF -DPRINTF_FLOAT_ENABLE=0 -D__MCUXPRESSO -D__USE_CMSIS -DDEBUG -I"/home/divine/Desktop/FRDM-UART/UART_polling_Polling/board" -I"/home/divine/Desktop/FRDM-UART/UART_polling_Polling/source" -I"/home/divine/Desktop/FRDM-UART/UART_polling_Polling/drivers" -I"/home/divine/Desktop/FRDM-UART/UART_polling_Polling/utilities" -I"/home/divine/Desktop/FRDM-UART/UART_polling_Polling/component/serial_manager" -I"/home/divine/Desktop/FRDM-UART/UART_polling_Polling/component/uart" -I"/home/divine/Desktop/FRDM-UART/UART_polling_Polling/component/lists" -I"/home/divine/Desktop/FRDM-UART/UART_polling_Polling/CMSIS" -I"/home/divine/Desktop/FRDM-UART/UART_polling_Polling/device" -O0 -fno-common -g3 -Wall -c -ffunction-sections -fdata-sections -ffreestanding -fno-builtin -fmerge-constants -fmacro-prefix-map="../drivers/"=. -mcpu=cortex-m4 -mfpu=fpv4-sp-d16 -mfloat-abi=hard -mthumb -D__REDLIB__ -fstack-usage -specs=redlib.specs -MMD -MP -MF"drivers/fsl_i2c.d" -MT"drivers/fsl_i2c.o" -MT"drivers/fsl_i2c.d" -o "drivers/fsl_i2c.o" "../drivers/fsl_i2c.c"
Finished building: ../drivers/fsl_clock.c
 
Building file: ../drivers/fsl_smc.c
Invoking: MCU C Compiler
arm-none-eabi-gcc -D__REDLIB__ -DCPU_MK64FN1M0VLL12 -DCPU_MK64FN1M0VLL12_cm4 -DSDK_OS_BAREMETAL -DSERIAL_PORT_TYPE_UART=1 -DSDK_DEBUGCONSOLE=1 -DCR_INTEGER_PRINTF -DPRINTF_FLOAT_ENABLE=0 -D__MCUXPRESSO -D__USE_CMSIS -DDEBUG -I"/home/divine/Desktop/FRDM-UART/UART_polling_Polling/board" -I"/home/divine/Desktop/FRDM-UART/UART_polling_Polling/source" -I"/home/divine/Desktop/FRDM-UART/UART_polling_Polling/drivers" -I"/home/divine/Desktop/FRDM-UART/UART_polling_Polling/utilities" -I"/home/divine/Desktop/FRDM-UART/UART_polling_Polling/component/serial_manager" -I"/home/divine/Desktop/FRDM-UART/UART_polling_Polling/component/uart" -I"/home/divine/Desktop/FRDM-UART/UART_polling_Polling/component/lists" -I"/home/divine/Desktop/FRDM-UART/UART_polling_Polling/CMSIS" -I"/home/divine/Desktop/FRDM-UART/UART_polling_Polling/device" -O0 -fno-common -g3 -Wall -c -ffunction-sections -fdata-sections -ffreestanding -fno-builtin -fmerge-constants -fmacro-prefix-map="../drivers/"=. -mcpu=cortex-m4 -mfpu=fpv4-sp-d16 -mfloat-abi=hard -mthumb -D__REDLIB__ -fstack-usage -specs=redlib.specs -MMD -MP -MF"drivers/fsl_smc.d" -MT"drivers/fsl_smc.o" -MT"drivers/fsl_smc.d" -o "drivers/fsl_smc.o" "../drivers/fsl_smc.c"
Finished building: ../drivers/fsl_common_arm.c
 
Building file: ../drivers/fsl_uart.c
Invoking: MCU C Compiler
arm-none-eabi-gcc -D__REDLIB__ -DCPU_MK64FN1M0VLL12 -DCPU_MK64FN1M0VLL12_cm4 -DSDK_OS_BAREMETAL -DSERIAL_PORT_TYPE_UART=1 -DSDK_DEBUGCONSOLE=1 -DCR_INTEGER_PRINTF -DPRINTF_FLOAT_ENABLE=0 -D__MCUXPRESSO -D__USE_CMSIS -DDEBUG -I"/home/divine/Desktop/FRDM-UART/UART_polling_Polling/board" -I"/home/divine/Desktop/FRDM-UART/UART_polling_Polling/source" -I"/home/divine/Desktop/FRDM-UART/UART_polling_Polling/drivers" -I"/home/divine/Desktop/FRDM-UART/UART_polling_Polling/utilities" -I"/home/divine/Desktop/FRDM-UART/UART_polling_Polling/component/serial_manager" -I"/home/divine/Desktop/FRDM-UART/UART_polling_Polling/component/uart" -I"/home/divine/Desktop/FRDM-UART/UART_polling_Polling/component/lists" -I"/home/divine/Desktop/FRDM-UART/UART_polling_Polling/CMSIS" -I"/home/divine/Desktop/FRDM-UART/UART_polling_Polling/device" -O0 -fno-common -g3 -Wall -c -ffunction-sections -fdata-sections -ffreestanding -fno-builtin -fmerge-constants -fmacro-prefix-map="../drivers/"=. -mcpu=cortex-m4 -mfpu=fpv4-sp-d16 -mfloat-abi=hard -mthumb -D__REDLIB__ -fstack-usage -specs=redlib.specs -MMD -MP -MF"drivers/fsl_uart.d" -MT"drivers/fsl_uart.o" -MT"drivers/fsl_uart.d" -o "drivers/fsl_uart.o" "../drivers/fsl_uart.c"
Finished building: ../drivers/fsl_gpio.c
 
Building file: ../device/system_MK64F12.c
Invoking: MCU C Compiler
arm-none-eabi-gcc -D__REDLIB__ -DCPU_MK64FN1M0VLL12 -DCPU_MK64FN1M0VLL12_cm4 -DSDK_OS_BAREMETAL -DSERIAL_PORT_TYPE_UART=1 -DSDK_DEBUGCONSOLE=1 -DCR_INTEGER_PRINTF -DPRINTF_FLOAT_ENABLE=0 -D__MCUXPRESSO -D__USE_CMSIS -DDEBUG -I"/home/divine/Desktop/FRDM-UART/UART_polling_Polling/board" -I"/home/divine/Desktop/FRDM-UART/UART_polling_Polling/source" -I"/home/divine/Desktop/FRDM-UART/UART_polling_Polling/drivers" -I"/home/divine/Desktop/FRDM-UART/UART_polling_Polling/utilities" -I"/home/divine/Desktop/FRDM-UART/UART_polling_Polling/component/serial_manager" -I"/home/divine/Desktop/FRDM-UART/UART_polling_Polling/component/uart" -I"/home/divine/Desktop/FRDM-UART/UART_polling_Polling/component/lists" -I"/home/divine/Desktop/FRDM-UART/UART_polling_Polling/CMSIS" -I"/home/divine/Desktop/FRDM-UART/UART_polling_Polling/device" -O0 -fno-common -g3 -Wall -c -ffunction-sections -fdata-sections -ffreestanding -fno-builtin -fmerge-constants -fmacro-prefix-map="../device/"=. -mcpu=cortex-m4 -mfpu=fpv4-sp-d16 -mfloat-abi=hard -mthumb -D__REDLIB__ -fstack-usage -specs=redlib.specs -MMD -MP -MF"device/system_MK64F12.d" -MT"device/system_MK64F12.o" -MT"device/system_MK64F12.d" -o "device/system_MK64F12.o" "../device/system_MK64F12.c"
Finished building: ../drivers/fsl_smc.c
 
Building file: ../component/uart/fsl_adapter_uart.c
Invoking: MCU C Compiler
arm-none-eabi-gcc -D__REDLIB__ -DCPU_MK64FN1M0VLL12 -DCPU_MK64FN1M0VLL12_cm4 -DSDK_OS_BAREMETAL -DSERIAL_PORT_TYPE_UART=1 -DSDK_DEBUGCONSOLE=1 -DCR_INTEGER_PRINTF -DPRINTF_FLOAT_ENABLE=0 -D__MCUXPRESSO -D__USE_CMSIS -DDEBUG -I"/home/divine/Desktop/FRDM-UART/UART_polling_Polling/board" -I"/home/divine/Desktop/FRDM-UART/UART_polling_Polling/source" -I"/home/divine/Desktop/FRDM-UART/UART_polling_Polling/drivers" -I"/home/divine/Desktop/FRDM-UART/UART_polling_Polling/utilities" -I"/home/divine/Desktop/FRDM-UART/UART_polling_Polling/component/serial_manager" -I"/home/divine/Desktop/FRDM-UART/UART_polling_Polling/component/uart" -I"/home/divine/Desktop/FRDM-UART/UART_polling_Polling/component/lists" -I"/home/divine/Desktop/FRDM-UART/UART_polling_Polling/CMSIS" -I"/home/divine/Desktop/FRDM-UART/UART_polling_Polling/device" -O0 -fno-common -g3 -Wall -c -ffunction-sections -fdata-sections -ffreestanding -fno-builtin -fmerge-constants -fmacro-prefix-map="../component/uart/"=. -mcpu=cortex-m4 -mfpu=fpv4-sp-d16 -mfloat-abi=hard -mthumb -D__REDLIB__ -fstack-usage -specs=redlib.specs -MMD -MP -MF"component/uart/fsl_adapter_uart.d" -MT"component/uart/fsl_adapter_uart.o" -MT"component/uart/fsl_adapter_uart.d" -o "component/uart/fsl_adapter_uart.o" "../component/uart/fsl_adapter_uart.c"
Finished building: ../drivers/fsl_i2c.c
 
Building file: ../component/serial_manager/fsl_component_serial_manager.c
Invoking: MCU C Compiler
arm-none-eabi-gcc -D__REDLIB__ -DCPU_MK64FN1M0VLL12 -DCPU_MK64FN1M0VLL12_cm4 -DSDK_OS_BAREMETAL -DSERIAL_PORT_TYPE_UART=1 -DSDK_DEBUGCONSOLE=1 -DCR_INTEGER_PRINTF -DPRINTF_FLOAT_ENABLE=0 -D__MCUXPRESSO -D__USE_CMSIS -DDEBUG -I"/home/divine/Desktop/FRDM-UART/UART_polling_Polling/board" -I"/home/divine/Desktop/FRDM-UART/UART_polling_Polling/source" -I"/home/divine/Desktop/FRDM-UART/UART_polling_Polling/drivers" -I"/home/divine/Desktop/FRDM-UART/UART_polling_Polling/utilities" -I"/home/divine/Desktop/FRDM-UART/UART_polling_Polling/component/serial_manager" -I"/home/divine/Desktop/FRDM-UART/UART_polling_Polling/component/uart" -I"/home/divine/Desktop/FRDM-UART/UART_polling_Polling/component/lists" -I"/home/divine/Desktop/FRDM-UART/UART_polling_Polling/CMSIS" -I"/home/divine/Desktop/FRDM-UART/UART_polling_Polling/device" -O0 -fno-common -g3 -Wall -c -ffunction-sections -fdata-sections -ffreestanding -fno-builtin -fmerge-constants -fmacro-prefix-map="../component/serial_manager/"=. -mcpu=cortex-m4 -mfpu=fpv4-sp-d16 -mfloat-abi=hard -mthumb -D__REDLIB__ -fstack-usage -specs=redlib.specs -MMD -MP -MF"component/serial_manager/fsl_component_serial_manager.d" -MT"component/serial_manager/fsl_component_serial_manager.o" -MT"component/serial_manager/fsl_component_serial_manager.d" -o "component/serial_manager/fsl_component_serial_manager.o" "../component/serial_manager/fsl_component_serial_manager.c"
Finished building: ../device/system_MK64F12.c
Finished building: ../drivers/fsl_uart.c
 
 
Building file: ../component/serial_manager/fsl_component_serial_port_uart.c
Building file: ../component/lists/fsl_component_generic_list.c
Invoking: MCU C Compiler
arm-none-eabi-gcc -D__REDLIB__ -DCPU_MK64FN1M0VLL12 -DCPU_MK64FN1M0VLL12_cm4 -DSDK_OS_BAREMETAL -DSERIAL_PORT_TYPE_UART=1 -DSDK_DEBUGCONSOLE=1 -DCR_INTEGER_PRINTF -DPRINTF_FLOAT_ENABLE=0 -D__MCUXPRESSO -D__USE_CMSIS -DDEBUG -I"/home/divine/Desktop/FRDM-UART/UART_polling_Polling/board" -I"/home/divine/Desktop/FRDM-UART/UART_polling_Polling/source" -I"/home/divine/Desktop/FRDM-UART/UART_polling_Polling/drivers" -I"/home/divine/Desktop/FRDM-UART/UART_polling_Polling/utilities" -I"/home/divine/Desktop/FRDM-UART/UART_polling_Polling/component/serial_manager" -I"/home/divine/Desktop/FRDM-UART/UART_polling_Polling/component/uart" -I"/home/divine/Desktop/FRDM-UART/UART_polling_Polling/component/lists" -I"/home/divine/Desktop/FRDM-UART/UART_polling_Polling/CMSIS" -I"/home/divine/Desktop/FRDM-UART/UART_polling_Polling/device" -O0 -fno-common -g3 -Wall -c -ffunction-sections -fdata-sections -ffreestanding -fno-builtin -fmerge-constants -fmacro-prefix-map="../component/serial_manager/"=. -mcpu=cortex-m4 -mfpu=fpv4-sp-d16 -mfloat-abi=hard -mthumb -D__REDLIB__ -fstack-usage -specs=redlib.specs -MMD -MP -MF"component/serial_manager/fsl_component_serial_port_uart.d" -MT"component/serial_manager/fsl_component_serial_port_uart.o" -MT"component/serial_manager/fsl_component_serial_port_uart.d" -o "component/serial_manager/fsl_component_serial_port_uart.o" "../component/serial_manager/fsl_component_serial_port_uart.c"
Invoking: MCU C Compiler
arm-none-eabi-gcc -D__REDLIB__ -DCPU_MK64FN1M0VLL12 -DCPU_MK64FN1M0VLL12_cm4 -DSDK_OS_BAREMETAL -DSERIAL_PORT_TYPE_UART=1 -DSDK_DEBUGCONSOLE=1 -DCR_INTEGER_PRINTF -DPRINTF_FLOAT_ENABLE=0 -D__MCUXPRESSO -D__USE_CMSIS -DDEBUG -I"/home/divine/Desktop/FRDM-UART/UART_polling_Polling/board" -I"/home/divine/Desktop/FRDM-UART/UART_polling_Polling/source" -I"/home/divine/Desktop/FRDM-UART/UART_polling_Polling/drivers" -I"/home/divine/Desktop/FRDM-UART/UART_polling_Polling/utilities" -I"/home/divine/Desktop/FRDM-UART/UART_polling_Polling/component/serial_manager" -I"/home/divine/Desktop/FRDM-UART/UART_polling_Polling/component/uart" -I"/home/divine/Desktop/FRDM-UART/UART_polling_Polling/component/lists" -I"/home/divine/Desktop/FRDM-UART/UART_polling_Polling/CMSIS" -I"/home/divine/Desktop/FRDM-UART/UART_polling_Polling/device" -O0 -fno-common -g3 -Wall -c -ffunction-sections -fdata-sections -ffreestanding -fno-builtin -fmerge-constants -fmacro-prefix-map="../component/lists/"=. -mcpu=cortex-m4 -mfpu=fpv4-sp-d16 -mfloat-abi=hard -mthumb -D__REDLIB__ -fstack-usage -specs=redlib.specs -MMD -MP -MF"component/lists/fsl_component_generic_list.d" -MT"component/lists/fsl_component_generic_list.o" -MT"component/lists/fsl_component_generic_list.d" -o "component/lists/fsl_component_generic_list.o" "../component/lists/fsl_component_generic_list.c"
Finished building: ../component/uart/fsl_adapter_uart.c
 
Building file: ../board/board.c
Invoking: MCU C Compiler
arm-none-eabi-gcc -D__REDLIB__ -DCPU_MK64FN1M0VLL12 -DCPU_MK64FN1M0VLL12_cm4 -DSDK_OS_BAREMETAL -DSERIAL_PORT_TYPE_UART=1 -DSDK_DEBUGCONSOLE=1 -DCR_INTEGER_PRINTF -DPRINTF_FLOAT_ENABLE=0 -D__MCUXPRESSO -D__USE_CMSIS -DDEBUG -I"/home/divine/Desktop/FRDM-UART/UART_polling_Polling/board" -I"/home/divine/Desktop/FRDM-UART/UART_polling_Polling/source" -I"/home/divine/Desktop/FRDM-UART/UART_polling_Polling/drivers" -I"/home/divine/Desktop/FRDM-UART/UART_polling_Polling/utilities" -I"/home/divine/Desktop/FRDM-UART/UART_polling_Polling/component/serial_manager" -I"/home/divine/Desktop/FRDM-UART/UART_polling_Polling/component/uart" -I"/home/divine/Desktop/FRDM-UART/UART_polling_Polling/component/lists" -I"/home/divine/Desktop/FRDM-UART/UART_polling_Polling/CMSIS" -I"/home/divine/Desktop/FRDM-UART/UART_polling_Polling/device" -O0 -fno-common -g3 -Wall -c -ffunction-sections -fdata-sections -ffreestanding -fno-builtin -fmerge-constants -fmacro-prefix-map="../board/"=. -mcpu=cortex-m4 -mfpu=fpv4-sp-d16 -mfloat-abi=hard -mthumb -D__REDLIB__ -fstack-usage -specs=redlib.specs -MMD -MP -MF"board/board.d" -MT"board/board.o" -MT"board/board.d" -o "board/board.o" "../board/board.c"
Finished building: ../component/serial_manager/fsl_component_serial_manager.c
 
Building file: ../board/clock_config.c
Invoking: MCU C Compiler
arm-none-eabi-gcc -D__REDLIB__ -DCPU_MK64FN1M0VLL12 -DCPU_MK64FN1M0VLL12_cm4 -DSDK_OS_BAREMETAL -DSERIAL_PORT_TYPE_UART=1 -DSDK_DEBUGCONSOLE=1 -DCR_INTEGER_PRINTF -DPRINTF_FLOAT_ENABLE=0 -D__MCUXPRESSO -D__USE_CMSIS -DDEBUG -I"/home/divine/Desktop/FRDM-UART/UART_polling_Polling/board" -I"/home/divine/Desktop/FRDM-UART/UART_polling_Polling/source" -I"/home/divine/Desktop/FRDM-UART/UART_polling_Polling/drivers" -I"/home/divine/Desktop/FRDM-UART/UART_polling_Polling/utilities" -I"/home/divine/Desktop/FRDM-UART/UART_polling_Polling/component/serial_manager" -I"/home/divine/Desktop/FRDM-UART/UART_polling_Polling/component/uart" -I"/home/divine/Desktop/FRDM-UART/UART_polling_Polling/component/lists" -I"/home/divine/Desktop/FRDM-UART/UART_polling_Polling/CMSIS" -I"/home/divine/Desktop/FRDM-UART/UART_polling_Polling/device" -O0 -fno-common -g3 -Wall -c -ffunction-sections -fdata-sections -ffreestanding -fno-builtin -fmerge-constants -fmacro-prefix-map="../board/"=. -mcpu=cortex-m4 -mfpu=fpv4-sp-d16 -mfloat-abi=hard -mthumb -D__REDLIB__ -fstack-usage -specs=redlib.specs -MMD -MP -MF"board/clock_config.d" -MT"board/clock_config.o" -MT"board/clock_config.d" -o "board/clock_config.o" "../board/clock_config.c"
Finished building: ../component/serial_manager/fsl_component_serial_port_uart.c
 
Building file: ../board/peripherals.c
Invoking: MCU C Compiler
arm-none-eabi-gcc -D__REDLIB__ -DCPU_MK64FN1M0VLL12 -DCPU_MK64FN1M0VLL12_cm4 -DSDK_OS_BAREMETAL -DSERIAL_PORT_TYPE_UART=1 -DSDK_DEBUGCONSOLE=1 -DCR_INTEGER_PRINTF -DPRINTF_FLOAT_ENABLE=0 -D__MCUXPRESSO -D__USE_CMSIS -DDEBUG -I"/home/divine/Desktop/FRDM-UART/UART_polling_Polling/board" -I"/home/divine/Desktop/FRDM-UART/UART_polling_Polling/source" -I"/home/divine/Desktop/FRDM-UART/UART_polling_Polling/drivers" -I"/home/divine/Desktop/FRDM-UART/UART_polling_Polling/utilities" -I"/home/divine/Desktop/FRDM-UART/UART_polling_Polling/component/serial_manager" -I"/home/divine/Desktop/FRDM-UART/UART_polling_Polling/component/uart" -I"/home/divine/Desktop/FRDM-UART/UART_polling_Polling/component/lists" -I"/home/divine/Desktop/FRDM-UART/UART_polling_Polling/CMSIS" -I"/home/divine/Desktop/FRDM-UART/UART_polling_Polling/device" -O0 -fno-common -g3 -Wall -c -ffunction-sections -fdata-sections -ffreestanding -fno-builtin -fmerge-constants -fmacro-prefix-map="../board/"=. -mcpu=cortex-m4 -mfpu=fpv4-sp-d16 -mfloat-abi=hard -mthumb -D__REDLIB__ -fstack-usage -specs=redlib.specs -MMD -MP -MF"board/peripherals.d" -MT"board/peripherals.o" -MT"board/peripherals.d" -o "board/peripherals.o" "../board/peripherals.c"
Finished building: ../component/lists/fsl_component_generic_list.c
 
Building file: ../board/pin_mux.c
Invoking: MCU C Compiler
arm-none-eabi-gcc -D__REDLIB__ -DCPU_MK64FN1M0VLL12 -DCPU_MK64FN1M0VLL12_cm4 -DSDK_OS_BAREMETAL -DSERIAL_PORT_TYPE_UART=1 -DSDK_DEBUGCONSOLE=1 -DCR_INTEGER_PRINTF -DPRINTF_FLOAT_ENABLE=0 -D__MCUXPRESSO -D__USE_CMSIS -DDEBUG -I"/home/divine/Desktop/FRDM-UART/UART_polling_Polling/board" -I"/home/divine/Desktop/FRDM-UART/UART_polling_Polling/source" -I"/home/divine/Desktop/FRDM-UART/UART_polling_Polling/drivers" -I"/home/divine/Desktop/FRDM-UART/UART_polling_Polling/utilities" -I"/home/divine/Desktop/FRDM-UART/UART_polling_Polling/component/serial_manager" -I"/home/divine/Desktop/FRDM-UART/UART_polling_Polling/component/uart" -I"/home/divine/Desktop/FRDM-UART/UART_polling_Polling/component/lists" -I"/home/divine/Desktop/FRDM-UART/UART_polling_Polling/CMSIS" -I"/home/divine/Desktop/FRDM-UART/UART_polling_Polling/device" -O0 -fno-common -g3 -Wall -c -ffunction-sections -fdata-sections -ffreestanding -fno-builtin -fmerge-constants -fmacro-prefix-map="../board/"=. -mcpu=cortex-m4 -mfpu=fpv4-sp-d16 -mfloat-abi=hard -mthumb -D__REDLIB__ -fstack-usage -specs=redlib.specs -MMD -MP -MF"board/pin_mux.d" -MT"board/pin_mux.o" -MT"board/pin_mux.d" -o "board/pin_mux.o" "../board/pin_mux.c"
Finished building: ../board/peripherals.c
 
Finished building: ../board/board.c
 
Finished building: ../board/clock_config.c
 
Finished building: ../board/pin_mux.c
 
Building target: UART_polling_Polling.axf
Invoking: MCU Linker
arm-none-eabi-gcc -nostdlib -Xlinker -Map="UART_polling_Polling.map" -Xlinker --gc-sections -Xlinker -print-memory-usage -Xlinker --sort-section=alignment -Xlinker --cref -mcpu=cortex-m4 -mfpu=fpv4-sp-d16 -mfloat-abi=hard -mthumb -T UART_polling_Polling_Debug.ld -o "UART_polling_Polling.axf"  ./utilities/fsl_debug_console.o ./utilities/fsl_str.o  ./startup/startup_mk64f12.o  ./source/main.o ./source/uart.o  ./drivers/fsl_adc16.o ./drivers/fsl_clock.o ./drivers/fsl_common.o ./drivers/fsl_common_arm.o ./drivers/fsl_gpio.o ./drivers/fsl_i2c.o ./drivers/fsl_smc.o ./drivers/fsl_uart.o  ./device/system_MK64F12.o  ./component/uart/fsl_adapter_uart.o  ./component/serial_manager/fsl_component_serial_manager.o ./component/serial_manager/fsl_component_serial_port_uart.o  ./component/lists/fsl_component_generic_list.o  ./board/board.o ./board/clock_config.o ./board/peripherals.o ./board/pin_mux.o   
Memory region         Used Size  Region Size  %age Used
   PROGRAM_FLASH:        6768 B         1 MB      0.65%
      SRAM_UPPER:        8448 B       192 KB      4.30%
      SRAM_LOWER:          0 GB        64 KB      0.00%
        FLEX_RAM:          0 GB         4 KB      0.00%
Finished building target: UART_polling_Polling.axf
 
make --no-print-directory post-build
Performing post-build steps
arm-none-eabi-size "UART_polling_Polling.axf"; # arm-none-eabi-objcopy -v -O binary "UART_polling_Polling.axf" "UART_polling_Polling.bin" ; # checksum -p MK64FN1M0xxx12 -d "UART_polling_Polling.bin";
   text	   data	    bss	    dec	    hex	filename
   6760	      8	   8440	  15208	   3b68	UART_polling_Polling.axf
 
09:55:07 **** Incremental Build of configuration Debug for project UART_polling_Polling ****
make -r -j4 all 
Building file: ../source/uart.c
Invoking: MCU C Compiler
arm-none-eabi-gcc -D__REDLIB__ -DCPU_MK64FN1M0VLL12 -DCPU_MK64FN1M0VLL12_cm4 -DSDK_OS_BAREMETAL -DSERIAL_PORT_TYPE_UART=1 -DSDK_DEBUGCONSOLE=1 -DCR_INTEGER_PRINTF -DPRINTF_FLOAT_ENABLE=0 -D__MCUXPRESSO -D__USE_CMSIS -DDEBUG -I"/home/divine/Desktop/FRDM-UART/UART_polling_Polling/board" -I"/home/divine/Desktop/FRDM-UART/UART_polling_Polling/source" -I"/home/divine/Desktop/FRDM-UART/UART_polling_Polling/drivers" -I"/home/divine/Desktop/FRDM-UART/UART_polling_Polling/utilities" -I"/home/divine/Desktop/FRDM-UART/UART_polling_Polling/component/serial_manager" -I"/home/divine/Desktop/FRDM-UART/UART_polling_Polling/component/uart" -I"/home/divine/Desktop/FRDM-UART/UART_polling_Polling/component/lists" -I"/home/divine/Desktop/FRDM-UART/UART_polling_Polling/CMSIS" -I"/home/divine/Desktop/FRDM-UART/UART_polling_Polling/device" -O0 -fno-common -g3 -Wall -c -ffunction-sections -fdata-sections -ffreestanding -fno-builtin -fmerge-constants -fmacro-prefix-map="../source/"=. -mcpu=cortex-m4 -mfpu=fpv4-sp-d16 -mfloat-abi=hard -mthumb -D__REDLIB__ -fstack-usage -specs=redlib.specs -MMD -MP -MF"source/uart.d" -MT"source/uart.o" -MT"source/uart.d" -o "source/uart.o" "../source/uart.c"
../source/uart.c: In function 'Init_UART0':
../source/uart.c:83:2: error: unknown type name 'uart_config_t'; did you mean 'hal_uart_config_t'?
   83 |  uart_config_t configuration;
      |  ^~~~~~~~~~~~~
      |  hal_uart_config_t
../source/uart.c:91:2: warning: implicit declaration of function 'UART_GetDefaultConfig' [-Wimplicit-function-declaration]
   91 |  UART_GetDefaultConfig(&configuration);
      |  ^~~~~~~~~~~~~~~~~~~~~
make: *** [source/subdir.mk:23: source/uart.o] Error 1
"make -r -j4 all" terminated with exit code 2. Build might be incomplete.
09:56:10 **** Incremental Build of configuration Debug for project UART_polling_Polling ****
make -r -j4 all 
Building file: ../source/uart.c
Invoking: MCU C Compiler
arm-none-eabi-gcc -D__REDLIB__ -DCPU_MK64FN1M0VLL12 -DCPU_MK64FN1M0VLL12_cm4 -DSDK_OS_BAREMETAL -DSERIAL_PORT_TYPE_UART=1 -DSDK_DEBUGCONSOLE=1 -DCR_INTEGER_PRINTF -DPRINTF_FLOAT_ENABLE=0 -D__MCUXPRESSO -D__USE_CMSIS -DDEBUG -I"/home/divine/Desktop/FRDM-UART/UART_polling_Polling/board" -I"/home/divine/Desktop/FRDM-UART/UART_polling_Polling/source" -I"/home/divine/Desktop/FRDM-UART/UART_polling_Polling/drivers" -I"/home/divine/Desktop/FRDM-UART/UART_polling_Polling/utilities" -I"/home/divine/Desktop/FRDM-UART/UART_polling_Polling/component/serial_manager" -I"/home/divine/Desktop/FRDM-UART/UART_polling_Polling/component/uart" -I"/home/divine/Desktop/FRDM-UART/UART_polling_Polling/component/lists" -I"/home/divine/Desktop/FRDM-UART/UART_polling_Polling/CMSIS" -I"/home/divine/Desktop/FRDM-UART/UART_polling_Polling/device" -O0 -fno-common -g3 -Wall -c -ffunction-sections -fdata-sections -ffreestanding -fno-builtin -fmerge-constants -fmacro-prefix-map="../source/"=. -mcpu=cortex-m4 -mfpu=fpv4-sp-d16 -mfloat-abi=hard -mthumb -D__REDLIB__ -fstack-usage -specs=redlib.specs -MMD -MP -MF"source/uart.d" -MT"source/uart.o" -MT"source/uart.d" -o "source/uart.o" "../source/uart.c"
Finished building: ../source/uart.c
 
Building target: UART_polling_Polling.axf
Invoking: MCU Linker
arm-none-eabi-gcc -nostdlib -Xlinker -Map="UART_polling_Polling.map" -Xlinker --gc-sections -Xlinker -print-memory-usage -Xlinker --sort-section=alignment -Xlinker --cref -mcpu=cortex-m4 -mfpu=fpv4-sp-d16 -mfloat-abi=hard -mthumb -T UART_polling_Polling_Debug.ld -o "UART_polling_Polling.axf"  ./utilities/fsl_debug_console.o ./utilities/fsl_str.o  ./startup/startup_mk64f12.o  ./source/main.o ./source/uart.o  ./drivers/fsl_adc16.o ./drivers/fsl_clock.o ./drivers/fsl_common.o ./drivers/fsl_common_arm.o ./drivers/fsl_gpio.o ./drivers/fsl_i2c.o ./drivers/fsl_smc.o ./drivers/fsl_uart.o  ./device/system_MK64F12.o  ./component/uart/fsl_adapter_uart.o  ./component/serial_manager/fsl_component_serial_manager.o ./component/serial_manager/fsl_component_serial_port_uart.o  ./component/lists/fsl_component_generic_list.o  ./board/board.o ./board/clock_config.o ./board/peripherals.o ./board/pin_mux.o   
Memory region         Used Size  Region Size  %age Used
   PROGRAM_FLASH:        6912 B         1 MB      0.66%
      SRAM_UPPER:        8448 B       192 KB      4.30%
      SRAM_LOWER:          0 GB        64 KB      0.00%
        FLEX_RAM:          0 GB         4 KB      0.00%
Finished building target: UART_polling_Polling.axf
 
make --no-print-directory post-build
Performing post-build steps
arm-none-eabi-size "UART_polling_Polling.axf"; # arm-none-eabi-objcopy -v -O binary "UART_polling_Polling.axf" "UART_polling_Polling.bin" ; # checksum -p MK64FN1M0xxx12 -d "UART_polling_Polling.bin";
   text	   data	    bss	    dec	    hex	filename
   6904	      8	   8440	  15352	   3bf8	UART_polling_Polling.axf
 
09:57:01 **** Incremental Build of configuration Debug for project UART_polling_Polling ****
make -r -j4 all 
make: Nothing to be done for 'all'.
10:02:06 **** Incremental Build of configuration Debug for project UART_polling_Polling ****
make -r -j4 all 
Building file: ../source/main.c
Building file: ../source/uart.c
Invoking: MCU C Compiler
arm-none-eabi-gcc -D__REDLIB__ -DCPU_MK64FN1M0VLL12 -DCPU_MK64FN1M0VLL12_cm4 -DSDK_OS_BAREMETAL -DSERIAL_PORT_TYPE_UART=1 -DSDK_DEBUGCONSOLE=1 -DCR_INTEGER_PRINTF -DPRINTF_FLOAT_ENABLE=0 -D__MCUXPRESSO -D__USE_CMSIS -DDEBUG -I"/home/divine/Desktop/FRDM-UART/UART_polling_Polling/board" -I"/home/divine/Desktop/FRDM-UART/UART_polling_Polling/source" -I"/home/divine/Desktop/FRDM-UART/UART_polling_Polling/drivers" -I"/home/divine/Desktop/FRDM-UART/UART_polling_Polling/utilities" -I"/home/divine/Desktop/FRDM-UART/UART_polling_Polling/component/serial_manager" -I"/home/divine/Desktop/FRDM-UART/UART_polling_Polling/component/uart" -I"/home/divine/Desktop/FRDM-UART/UART_polling_Polling/component/lists" -I"/home/divine/Desktop/FRDM-UART/UART_polling_Polling/CMSIS" -I"/home/divine/Desktop/FRDM-UART/UART_polling_Polling/device" -O0 -fno-common -g3 -Wall -c -ffunction-sections -fdata-sections -ffreestanding -fno-builtin -fmerge-constants -fmacro-prefix-map="../source/"=. -mcpu=cortex-m4 -mfpu=fpv4-sp-d16 -mfloat-abi=hard -mthumb -D__REDLIB__ -fstack-usage -specs=redlib.specs -MMD -MP -MF"source/main.d" -MT"source/main.o" -MT"source/main.d" -o "source/main.o" "../source/main.c"
Invoking: MCU C Compiler
arm-none-eabi-gcc -D__REDLIB__ -DCPU_MK64FN1M0VLL12 -DCPU_MK64FN1M0VLL12_cm4 -DSDK_OS_BAREMETAL -DSERIAL_PORT_TYPE_UART=1 -DSDK_DEBUGCONSOLE=1 -DCR_INTEGER_PRINTF -DPRINTF_FLOAT_ENABLE=0 -D__MCUXPRESSO -D__USE_CMSIS -DDEBUG -I"/home/divine/Desktop/FRDM-UART/UART_polling_Polling/board" -I"/home/divine/Desktop/FRDM-UART/UART_polling_Polling/source" -I"/home/divine/Desktop/FRDM-UART/UART_polling_Polling/drivers" -I"/home/divine/Desktop/FRDM-UART/UART_polling_Polling/utilities" -I"/home/divine/Desktop/FRDM-UART/UART_polling_Polling/component/serial_manager" -I"/home/divine/Desktop/FRDM-UART/UART_polling_Polling/component/uart" -I"/home/divine/Desktop/FRDM-UART/UART_polling_Polling/component/lists" -I"/home/divine/Desktop/FRDM-UART/UART_polling_Polling/CMSIS" -I"/home/divine/Desktop/FRDM-UART/UART_polling_Polling/device" -O0 -fno-common -g3 -Wall -c -ffunction-sections -fdata-sections -ffreestanding -fno-builtin -fmerge-constants -fmacro-prefix-map="../source/"=. -mcpu=cortex-m4 -mfpu=fpv4-sp-d16 -mfloat-abi=hard -mthumb -D__REDLIB__ -fstack-usage -specs=redlib.specs -MMD -MP -MF"source/uart.d" -MT"source/uart.o" -MT"source/uart.d" -o "source/uart.o" "../source/uart.c"
../source/main.c: In function 'main':
../source/main.c:89:2: warning: implicit declaration of function 'Init_UART0' [-Wimplicit-function-declaration]
   89 |  Init_UART0();
      |  ^~~~~~~~~~
Finished building: ../source/main.c
 
Finished building: ../source/uart.c
 
Building target: UART_polling_Polling.axf
Invoking: MCU Linker
arm-none-eabi-gcc -nostdlib -Xlinker -Map="UART_polling_Polling.map" -Xlinker --gc-sections -Xlinker -print-memory-usage -Xlinker --sort-section=alignment -Xlinker --cref -mcpu=cortex-m4 -mfpu=fpv4-sp-d16 -mfloat-abi=hard -mthumb -T UART_polling_Polling_Debug.ld -o "UART_polling_Polling.axf"  ./utilities/fsl_debug_console.o ./utilities/fsl_str.o  ./startup/startup_mk64f12.o  ./source/main.o ./source/uart.o  ./drivers/fsl_adc16.o ./drivers/fsl_clock.o ./drivers/fsl_common.o ./drivers/fsl_common_arm.o ./drivers/fsl_gpio.o ./drivers/fsl_i2c.o ./drivers/fsl_smc.o ./drivers/fsl_uart.o  ./device/system_MK64F12.o  ./component/uart/fsl_adapter_uart.o  ./component/serial_manager/fsl_component_serial_manager.o ./component/serial_manager/fsl_component_serial_port_uart.o  ./component/lists/fsl_component_generic_list.o  ./board/board.o ./board/clock_config.o ./board/peripherals.o ./board/pin_mux.o   
Memory region         Used Size  Region Size  %age Used
   PROGRAM_FLASH:        9880 B         1 MB      0.94%
      SRAM_UPPER:        8456 B       192 KB      4.30%
      SRAM_LOWER:          0 GB        64 KB      0.00%
        FLEX_RAM:          0 GB         4 KB      0.00%
Finished building target: UART_polling_Polling.axf
 
make --no-print-directory post-build
Performing post-build steps
arm-none-eabi-size "UART_polling_Polling.axf"; # arm-none-eabi-objcopy -v -O binary "UART_polling_Polling.axf" "UART_polling_Polling.bin" ; # checksum -p MK64FN1M0xxx12 -d "UART_polling_Polling.bin";
   text	   data	    bss	    dec	    hex	filename
   9864	     16	   8440	  18320	   4790	UART_polling_Polling.axf
 
11:18:30 **** Incremental Build of configuration Debug for project UART_polling_Polling ****
make -r -j4 all 
Building file: ../source/uart.c
Invoking: MCU C Compiler
arm-none-eabi-gcc -D__REDLIB__ -DCPU_MK64FN1M0VLL12 -DCPU_MK64FN1M0VLL12_cm4 -DSDK_OS_BAREMETAL -DSERIAL_PORT_TYPE_UART=1 -DSDK_DEBUGCONSOLE=1 -DCR_INTEGER_PRINTF -DPRINTF_FLOAT_ENABLE=0 -D__MCUXPRESSO -D__USE_CMSIS -DDEBUG -I"/home/divine/Desktop/FRDM-UART/UART_polling_Polling/board" -I"/home/divine/Desktop/FRDM-UART/UART_polling_Polling/source" -I"/home/divine/Desktop/FRDM-UART/UART_polling_Polling/drivers" -I"/home/divine/Desktop/FRDM-UART/UART_polling_Polling/utilities" -I"/home/divine/Desktop/FRDM-UART/UART_polling_Polling/component/serial_manager" -I"/home/divine/Desktop/FRDM-UART/UART_polling_Polling/component/uart" -I"/home/divine/Desktop/FRDM-UART/UART_polling_Polling/component/lists" -I"/home/divine/Desktop/FRDM-UART/UART_polling_Polling/CMSIS" -I"/home/divine/Desktop/FRDM-UART/UART_polling_Polling/device" -O0 -fno-common -g3 -Wall -c -ffunction-sections -fdata-sections -ffreestanding -fno-builtin -fmerge-constants -fmacro-prefix-map="../source/"=. -mcpu=cortex-m4 -mfpu=fpv4-sp-d16 -mfloat-abi=hard -mthumb -D__REDLIB__ -fstack-usage -specs=redlib.specs -MMD -MP -MF"source/uart.d" -MT"source/uart.o" -MT"source/uart.d" -o "source/uart.o" "../source/uart.c"
../source/uart.c: In function 'Init_UART0':
../source/uart.c:84:20: warning: initialization of 'uint32_t' {aka 'unsigned int'} from 'char *' makes integer from pointer without a cast [-Wint-conversion]
   84 |  uint32_t txbuff = "Hello World"
      |                    ^~~~~~~~~~~~~
../source/uart.c:85:2: error: expected ',' or ';' before 'uart_config_t'
   85 |  uart_config_t configuration;
      |  ^~~~~~~~~~~~~
../source/uart.c:93:25: error: 'configuration' undeclared (first use in this function)
   93 |  UART_GetDefaultConfig(&configuration);
      |                         ^~~~~~~~~~~~~
../source/uart.c:93:25: note: each undeclared identifier is reported only once for each function it appears in
../source/uart.c:100:22: error: 'DEMO_UART' undeclared (first use in this function)
  100 |   UART_WriteBlocking(DEMO_UART, txbuff, sizeof(txbuff) - 1);
      |                      ^~~~~~~~~
../source/uart.c:100:33: warning: passing argument 2 of 'UART_WriteBlocking' makes pointer from integer without a cast [-Wint-conversion]
  100 |   UART_WriteBlocking(DEMO_UART, txbuff, sizeof(txbuff) - 1);
      |                                 ^~~~~~
      |                                 |
      |                                 uint32_t {aka unsigned int}
In file included from ../source/uart.c:24:
/home/divine/Desktop/FRDM-UART/UART_polling_Polling/drivers/fsl_uart.h:718:61: note: expected 'const uint8_t *' {aka 'const unsigned char *'} but argument is of type 'uint32_t' {aka 'unsigned int'}
  718 | status_t UART_WriteBlocking(UART_Type *base, const uint8_t *data, size_t length);
      |                                              ~~~~~~~~~~~~~~~^~~~
make: *** [source/subdir.mk:23: source/uart.o] Error 1
"make -r -j4 all" terminated with exit code 2. Build might be incomplete.
11:18:47 **** Incremental Build of configuration Debug for project UART_polling_Polling ****
make -r -j4 all 
Building file: ../source/uart.c
Invoking: MCU C Compiler
arm-none-eabi-gcc -D__REDLIB__ -DCPU_MK64FN1M0VLL12 -DCPU_MK64FN1M0VLL12_cm4 -DSDK_OS_BAREMETAL -DSERIAL_PORT_TYPE_UART=1 -DSDK_DEBUGCONSOLE=1 -DCR_INTEGER_PRINTF -DPRINTF_FLOAT_ENABLE=0 -D__MCUXPRESSO -D__USE_CMSIS -DDEBUG -I"/home/divine/Desktop/FRDM-UART/UART_polling_Polling/board" -I"/home/divine/Desktop/FRDM-UART/UART_polling_Polling/source" -I"/home/divine/Desktop/FRDM-UART/UART_polling_Polling/drivers" -I"/home/divine/Desktop/FRDM-UART/UART_polling_Polling/utilities" -I"/home/divine/Desktop/FRDM-UART/UART_polling_Polling/component/serial_manager" -I"/home/divine/Desktop/FRDM-UART/UART_polling_Polling/component/uart" -I"/home/divine/Desktop/FRDM-UART/UART_polling_Polling/component/lists" -I"/home/divine/Desktop/FRDM-UART/UART_polling_Polling/CMSIS" -I"/home/divine/Desktop/FRDM-UART/UART_polling_Polling/device" -O0 -fno-common -g3 -Wall -c -ffunction-sections -fdata-sections -ffreestanding -fno-builtin -fmerge-constants -fmacro-prefix-map="../source/"=. -mcpu=cortex-m4 -mfpu=fpv4-sp-d16 -mfloat-abi=hard -mthumb -D__REDLIB__ -fstack-usage -specs=redlib.specs -MMD -MP -MF"source/uart.d" -MT"source/uart.o" -MT"source/uart.d" -o "source/uart.o" "../source/uart.c"
../source/uart.c: In function 'Init_UART0':
../source/uart.c:84:20: warning: initialization of 'uint32_t' {aka 'unsigned int'} from 'char *' makes integer from pointer without a cast [-Wint-conversion]
   84 |  uint32_t txbuff = "Hello World";
      |                    ^~~~~~~~~~~~~
../source/uart.c:100:22: error: 'DEMO_UART' undeclared (first use in this function)
  100 |   UART_WriteBlocking(DEMO_UART, txbuff, sizeof(txbuff) - 1);
      |                      ^~~~~~~~~
../source/uart.c:100:22: note: each undeclared identifier is reported only once for each function it appears in
../source/uart.c:100:33: warning: passing argument 2 of 'UART_WriteBlocking' makes pointer from integer without a cast [-Wint-conversion]
  100 |   UART_WriteBlocking(DEMO_UART, txbuff, sizeof(txbuff) - 1);
      |                                 ^~~~~~
      |                                 |
      |                                 uint32_t {aka unsigned int}
In file included from ../source/uart.c:24:
/home/divine/Desktop/FRDM-UART/UART_polling_Polling/drivers/fsl_uart.h:718:61: note: expected 'const uint8_t *' {aka 'const unsigned char *'} but argument is of type 'uint32_t' {aka 'unsigned int'}
  718 | status_t UART_WriteBlocking(UART_Type *base, const uint8_t *data, size_t length);
      |                                              ~~~~~~~~~~~~~~~^~~~
make: *** [source/subdir.mk:23: source/uart.o] Error 1
"make -r -j4 all" terminated with exit code 2. Build might be incomplete.
11:19:01 **** Incremental Build of configuration Debug for project UART_polling_Polling ****
make -r -j4 all 
Building file: ../source/uart.c
Invoking: MCU C Compiler
arm-none-eabi-gcc -D__REDLIB__ -DCPU_MK64FN1M0VLL12 -DCPU_MK64FN1M0VLL12_cm4 -DSDK_OS_BAREMETAL -DSERIAL_PORT_TYPE_UART=1 -DSDK_DEBUGCONSOLE=1 -DCR_INTEGER_PRINTF -DPRINTF_FLOAT_ENABLE=0 -D__MCUXPRESSO -D__USE_CMSIS -DDEBUG -I"/home/divine/Desktop/FRDM-UART/UART_polling_Polling/board" -I"/home/divine/Desktop/FRDM-UART/UART_polling_Polling/source" -I"/home/divine/Desktop/FRDM-UART/UART_polling_Polling/drivers" -I"/home/divine/Desktop/FRDM-UART/UART_polling_Polling/utilities" -I"/home/divine/Desktop/FRDM-UART/UART_polling_Polling/component/serial_manager" -I"/home/divine/Desktop/FRDM-UART/UART_polling_Polling/component/uart" -I"/home/divine/Desktop/FRDM-UART/UART_polling_Polling/component/lists" -I"/home/divine/Desktop/FRDM-UART/UART_polling_Polling/CMSIS" -I"/home/divine/Desktop/FRDM-UART/UART_polling_Polling/device" -O0 -fno-common -g3 -Wall -c -ffunction-sections -fdata-sections -ffreestanding -fno-builtin -fmerge-constants -fmacro-prefix-map="../source/"=. -mcpu=cortex-m4 -mfpu=fpv4-sp-d16 -mfloat-abi=hard -mthumb -D__REDLIB__ -fstack-usage -specs=redlib.specs -MMD -MP -MF"source/uart.d" -MT"source/uart.o" -MT"source/uart.d" -o "source/uart.o" "../source/uart.c"
../source/uart.c: In function 'Init_UART0':
../source/uart.c:84:20: warning: initialization of 'uint32_t' {aka 'unsigned int'} from 'char *' makes integer from pointer without a cast [-Wint-conversion]
   84 |  uint32_t txbuff = "Hello World";
      |                    ^~~~~~~~~~~~~
../source/uart.c:100:29: warning: passing argument 2 of 'UART_WriteBlocking' makes pointer from integer without a cast [-Wint-conversion]
  100 |   UART_WriteBlocking(UART0, txbuff, sizeof(txbuff) - 1);
      |                             ^~~~~~
      |                             |
      |                             uint32_t {aka unsigned int}
In file included from ../source/uart.c:24:
/home/divine/Desktop/FRDM-UART/UART_polling_Polling/drivers/fsl_uart.h:718:61: note: expected 'const uint8_t *' {aka 'const unsigned char *'} but argument is of type 'uint32_t' {aka 'unsigned int'}
  718 | status_t UART_WriteBlocking(UART_Type *base, const uint8_t *data, size_t length);
      |                                              ~~~~~~~~~~~~~~~^~~~
Finished building: ../source/uart.c
 
Building target: UART_polling_Polling.axf
Invoking: MCU Linker
arm-none-eabi-gcc -nostdlib -Xlinker -Map="UART_polling_Polling.map" -Xlinker --gc-sections -Xlinker -print-memory-usage -Xlinker --sort-section=alignment -Xlinker --cref -mcpu=cortex-m4 -mfpu=fpv4-sp-d16 -mfloat-abi=hard -mthumb -T UART_polling_Polling_Debug.ld -o "UART_polling_Polling.axf"  ./utilities/fsl_debug_console.o ./utilities/fsl_str.o  ./startup/startup_mk64f12.o  ./source/main.o ./source/uart.o  ./drivers/fsl_adc16.o ./drivers/fsl_clock.o ./drivers/fsl_common.o ./drivers/fsl_common_arm.o ./drivers/fsl_gpio.o ./drivers/fsl_i2c.o ./drivers/fsl_smc.o ./drivers/fsl_uart.o  ./device/system_MK64F12.o  ./component/uart/fsl_adapter_uart.o  ./component/serial_manager/fsl_component_serial_manager.o ./component/serial_manager/fsl_component_serial_port_uart.o  ./component/lists/fsl_component_generic_list.o  ./board/board.o ./board/clock_config.o ./board/peripherals.o ./board/pin_mux.o   
Memory region         Used Size  Region Size  %age Used
   PROGRAM_FLASH:        9984 B         1 MB      0.95%
      SRAM_UPPER:        8456 B       192 KB      4.30%
      SRAM_LOWER:          0 GB        64 KB      0.00%
        FLEX_RAM:          0 GB         4 KB      0.00%
Finished building target: UART_polling_Polling.axf
 
make --no-print-directory post-build
Performing post-build steps
arm-none-eabi-size "UART_polling_Polling.axf"; # arm-none-eabi-objcopy -v -O binary "UART_polling_Polling.axf" "UART_polling_Polling.bin" ; # checksum -p MK64FN1M0xxx12 -d "UART_polling_Polling.bin";
   text	   data	    bss	    dec	    hex	filename
   9968	     16	   8440	  18424	   47f8	UART_polling_Polling.axf
 
11:20:52 **** Incremental Build of configuration Debug for project UART_polling_Polling ****
make -r -j4 all 
Building file: ../source/uart.c
Invoking: MCU C Compiler
arm-none-eabi-gcc -D__REDLIB__ -DCPU_MK64FN1M0VLL12 -DCPU_MK64FN1M0VLL12_cm4 -DSDK_OS_BAREMETAL -DSERIAL_PORT_TYPE_UART=1 -DSDK_DEBUGCONSOLE=1 -DCR_INTEGER_PRINTF -DPRINTF_FLOAT_ENABLE=0 -D__MCUXPRESSO -D__USE_CMSIS -DDEBUG -I"/home/divine/Desktop/FRDM-UART/UART_polling_Polling/board" -I"/home/divine/Desktop/FRDM-UART/UART_polling_Polling/source" -I"/home/divine/Desktop/FRDM-UART/UART_polling_Polling/drivers" -I"/home/divine/Desktop/FRDM-UART/UART_polling_Polling/utilities" -I"/home/divine/Desktop/FRDM-UART/UART_polling_Polling/component/serial_manager" -I"/home/divine/Desktop/FRDM-UART/UART_polling_Polling/component/uart" -I"/home/divine/Desktop/FRDM-UART/UART_polling_Polling/component/lists" -I"/home/divine/Desktop/FRDM-UART/UART_polling_Polling/CMSIS" -I"/home/divine/Desktop/FRDM-UART/UART_polling_Polling/device" -O0 -fno-common -g3 -Wall -c -ffunction-sections -fdata-sections -ffreestanding -fno-builtin -fmerge-constants -fmacro-prefix-map="../source/"=. -mcpu=cortex-m4 -mfpu=fpv4-sp-d16 -mfloat-abi=hard -mthumb -D__REDLIB__ -fstack-usage -specs=redlib.specs -MMD -MP -MF"source/uart.d" -MT"source/uart.o" -MT"source/uart.d" -o "source/uart.o" "../source/uart.c"
../source/uart.c: In function 'Init_UART0':
../source/uart.c:84:20: warning: initialization of 'uint32_t' {aka 'unsigned int'} from 'char *' makes integer from pointer without a cast [-Wint-conversion]
   84 |  uint32_t txbuff = "Hello World";
      |                    ^~~~~~~~~~~~~
../source/uart.c:84:11: warning: unused variable 'txbuff' [-Wunused-variable]
   84 |  uint32_t txbuff = "Hello World";
      |           ^~~~~~
Finished building: ../source/uart.c
 
Building target: UART_polling_Polling.axf
Invoking: MCU Linker
arm-none-eabi-gcc -nostdlib -Xlinker -Map="UART_polling_Polling.map" -Xlinker --gc-sections -Xlinker -print-memory-usage -Xlinker --sort-section=alignment -Xlinker --cref -mcpu=cortex-m4 -mfpu=fpv4-sp-d16 -mfloat-abi=hard -mthumb -T UART_polling_Polling_Debug.ld -o "UART_polling_Polling.axf"  ./utilities/fsl_debug_console.o ./utilities/fsl_str.o  ./startup/startup_mk64f12.o  ./source/main.o ./source/uart.o  ./drivers/fsl_adc16.o ./drivers/fsl_clock.o ./drivers/fsl_common.o ./drivers/fsl_common_arm.o ./drivers/fsl_gpio.o ./drivers/fsl_i2c.o ./drivers/fsl_smc.o ./drivers/fsl_uart.o  ./device/system_MK64F12.o  ./component/uart/fsl_adapter_uart.o  ./component/serial_manager/fsl_component_serial_manager.o ./component/serial_manager/fsl_component_serial_port_uart.o  ./component/lists/fsl_component_generic_list.o  ./board/board.o ./board/clock_config.o ./board/peripherals.o ./board/pin_mux.o   
Memory region         Used Size  Region Size  %age Used
   PROGRAM_FLASH:       12368 B         1 MB      1.18%
      SRAM_UPPER:        8496 B       192 KB      4.32%
      SRAM_LOWER:          0 GB        64 KB      0.00%
        FLEX_RAM:          0 GB         4 KB      0.00%
Finished building target: UART_polling_Polling.axf
 
make --no-print-directory post-build
Performing post-build steps
arm-none-eabi-size "UART_polling_Polling.axf"; # arm-none-eabi-objcopy -v -O binary "UART_polling_Polling.axf" "UART_polling_Polling.bin" ; # checksum -p MK64FN1M0xxx12 -d "UART_polling_Polling.bin";
   text	   data	    bss	    dec	    hex	filename
  12352	     16	   8480	  20848	   5170	UART_polling_Polling.axf
 
11:21:22 **** Build of configuration Debug for project frdmk64f_uart_polling ****
make -r -j4 all 
Building file: ../utilities/fsl_assert.c
Building file: ../utilities/fsl_debug_console.c
Building file: ../startup/startup_mk64f12.c
Building file: ../source/semihost_hardfault.c
Invoking: MCU C Compiler
Invoking: MCU C Compiler
arm-none-eabi-gcc -std=gnu99 -D__REDLIB__ -DCPU_MK64FN1M0VLL12 -DCPU_MK64FN1M0VLL12_cm4 -DFRDM_K64F -DFREEDOM -DMCUXPRESSO_SDK -DSDK_DEBUGCONSOLE=1 -DCR_INTEGER_PRINTF -DPRINTF_FLOAT_ENABLE=0 -D__MCUXPRESSO -D__USE_CMSIS -DDEBUG -I"/home/divine/Desktop/FRDM-UART/frdmk64f_uart_polling/board" -I"/home/divine/Desktop/FRDM-UART/frdmk64f_uart_polling/source" -I"/home/divine/Desktop/FRDM-UART/frdmk64f_uart_polling/utilities" -I"/home/divine/Desktop/FRDM-UART/frdmk64f_uart_polling/drivers" -I"/home/divine/Desktop/FRDM-UART/frdmk64f_uart_polling/device" -I"/home/divine/Desktop/FRDM-UART/frdmk64f_uart_polling/component/uart" -I"/home/divine/Desktop/FRDM-UART/frdmk64f_uart_polling/component/lists" -I"/home/divine/Desktop/FRDM-UART/frdmk64f_uart_polling/CMSIS" -I"/home/divine/Desktop/FRDM-UART/frdmk64f_uart_polling/frdmk64f/driver_examples/uart/polling" -O0 -fno-common -g3 -c -ffunction-sections -fdata-sections -ffreestanding -fno-builtin -fmerge-constants -fmacro-prefix-map="../utilities/"=. -mcpu=cortex-m4 -mfpu=fpv4-sp-d16 -mfloat-abi=hard -mthumb -D__REDLIB__ -fstack-usage -specs=redlib.specs -MMD -MP -MF"utilities/fsl_debug_console.d" -MT"utilities/fsl_debug_console.o" -MT"utilities/fsl_debug_console.d" -o "utilities/fsl_debug_console.o" "../utilities/fsl_debug_console.c"
arm-none-eabi-gcc -std=gnu99 -D__REDLIB__ -DCPU_MK64FN1M0VLL12 -DCPU_MK64FN1M0VLL12_cm4 -DFRDM_K64F -DFREEDOM -DMCUXPRESSO_SDK -DSDK_DEBUGCONSOLE=1 -DCR_INTEGER_PRINTF -DPRINTF_FLOAT_ENABLE=0 -D__MCUXPRESSO -D__USE_CMSIS -DDEBUG -I"/home/divine/Desktop/FRDM-UART/frdmk64f_uart_polling/board" -I"/home/divine/Desktop/FRDM-UART/frdmk64f_uart_polling/source" -I"/home/divine/Desktop/FRDM-UART/frdmk64f_uart_polling/utilities" -I"/home/divine/Desktop/FRDM-UART/frdmk64f_uart_polling/drivers" -I"/home/divine/Desktop/FRDM-UART/frdmk64f_uart_polling/device" -I"/home/divine/Desktop/FRDM-UART/frdmk64f_uart_polling/component/uart" -I"/home/divine/Desktop/FRDM-UART/frdmk64f_uart_polling/component/lists" -I"/home/divine/Desktop/FRDM-UART/frdmk64f_uart_polling/CMSIS" -I"/home/divine/Desktop/FRDM-UART/frdmk64f_uart_polling/frdmk64f/driver_examples/uart/polling" -O0 -fno-common -g3 -c -ffunction-sections -fdata-sections -ffreestanding -fno-builtin -fmerge-constants -fmacro-prefix-map="../startup/"=. -mcpu=cortex-m4 -mfpu=fpv4-sp-d16 -mfloat-abi=hard -mthumb -D__REDLIB__ -fstack-usage -specs=redlib.specs -MMD -MP -MF"startup/startup_mk64f12.d" -MT"startup/startup_mk64f12.o" -MT"startup/startup_mk64f12.d" -o "startup/startup_mk64f12.o" "../startup/startup_mk64f12.c"
Invoking: MCU C Compiler
arm-none-eabi-gcc -std=gnu99 -D__REDLIB__ -DCPU_MK64FN1M0VLL12 -DCPU_MK64FN1M0VLL12_cm4 -DFRDM_K64F -DFREEDOM -DMCUXPRESSO_SDK -DSDK_DEBUGCONSOLE=1 -DCR_INTEGER_PRINTF -DPRINTF_FLOAT_ENABLE=0 -D__MCUXPRESSO -D__USE_CMSIS -DDEBUG -I"/home/divine/Desktop/FRDM-UART/frdmk64f_uart_polling/board" -I"/home/divine/Desktop/FRDM-UART/frdmk64f_uart_polling/source" -I"/home/divine/Desktop/FRDM-UART/frdmk64f_uart_polling/utilities" -I"/home/divine/Desktop/FRDM-UART/frdmk64f_uart_polling/drivers" -I"/home/divine/Desktop/FRDM-UART/frdmk64f_uart_polling/device" -I"/home/divine/Desktop/FRDM-UART/frdmk64f_uart_polling/component/uart" -I"/home/divine/Desktop/FRDM-UART/frdmk64f_uart_polling/component/lists" -I"/home/divine/Desktop/FRDM-UART/frdmk64f_uart_polling/CMSIS" -I"/home/divine/Desktop/FRDM-UART/frdmk64f_uart_polling/frdmk64f/driver_examples/uart/polling" -O0 -fno-common -g3 -c -ffunction-sections -fdata-sections -ffreestanding -fno-builtin -fmerge-constants -fmacro-prefix-map="../source/"=. -mcpu=cortex-m4 -mfpu=fpv4-sp-d16 -mfloat-abi=hard -mthumb -D__REDLIB__ -fstack-usage -specs=redlib.specs -MMD -MP -MF"source/semihost_hardfault.d" -MT"source/semihost_hardfault.o" -MT"source/semihost_hardfault.d" -o "source/semihost_hardfault.o" "../source/semihost_hardfault.c"
Invoking: MCU C Compiler
arm-none-eabi-gcc -std=gnu99 -D__REDLIB__ -DCPU_MK64FN1M0VLL12 -DCPU_MK64FN1M0VLL12_cm4 -DFRDM_K64F -DFREEDOM -DMCUXPRESSO_SDK -DSDK_DEBUGCONSOLE=1 -DCR_INTEGER_PRINTF -DPRINTF_FLOAT_ENABLE=0 -D__MCUXPRESSO -D__USE_CMSIS -DDEBUG -I"/home/divine/Desktop/FRDM-UART/frdmk64f_uart_polling/board" -I"/home/divine/Desktop/FRDM-UART/frdmk64f_uart_polling/source" -I"/home/divine/Desktop/FRDM-UART/frdmk64f_uart_polling/utilities" -I"/home/divine/Desktop/FRDM-UART/frdmk64f_uart_polling/drivers" -I"/home/divine/Desktop/FRDM-UART/frdmk64f_uart_polling/device" -I"/home/divine/Desktop/FRDM-UART/frdmk64f_uart_polling/component/uart" -I"/home/divine/Desktop/FRDM-UART/frdmk64f_uart_polling/component/lists" -I"/home/divine/Desktop/FRDM-UART/frdmk64f_uart_polling/CMSIS" -I"/home/divine/Desktop/FRDM-UART/frdmk64f_uart_polling/frdmk64f/driver_examples/uart/polling" -O0 -fno-common -g3 -c -ffunction-sections -fdata-sections -ffreestanding -fno-builtin -fmerge-constants -fmacro-prefix-map="../utilities/"=. -mcpu=cortex-m4 -mfpu=fpv4-sp-d16 -mfloat-abi=hard -mthumb -D__REDLIB__ -fstack-usage -specs=redlib.specs -MMD -MP -MF"utilities/fsl_assert.d" -MT"utilities/fsl_assert.o" -MT"utilities/fsl_assert.d" -o "utilities/fsl_assert.o" "../utilities/fsl_assert.c"
Finished building: ../source/semihost_hardfault.c
 
Building file: ../source/uart_polling.c
Invoking: MCU C Compiler
arm-none-eabi-gcc -std=gnu99 -D__REDLIB__ -DCPU_MK64FN1M0VLL12 -DCPU_MK64FN1M0VLL12_cm4 -DFRDM_K64F -DFREEDOM -DMCUXPRESSO_SDK -DSDK_DEBUGCONSOLE=1 -DCR_INTEGER_PRINTF -DPRINTF_FLOAT_ENABLE=0 -D__MCUXPRESSO -D__USE_CMSIS -DDEBUG -I"/home/divine/Desktop/FRDM-UART/frdmk64f_uart_polling/board" -I"/home/divine/Desktop/FRDM-UART/frdmk64f_uart_polling/source" -I"/home/divine/Desktop/FRDM-UART/frdmk64f_uart_polling/utilities" -I"/home/divine/Desktop/FRDM-UART/frdmk64f_uart_polling/drivers" -I"/home/divine/Desktop/FRDM-UART/frdmk64f_uart_polling/device" -I"/home/divine/Desktop/FRDM-UART/frdmk64f_uart_polling/component/uart" -I"/home/divine/Desktop/FRDM-UART/frdmk64f_uart_polling/component/lists" -I"/home/divine/Desktop/FRDM-UART/frdmk64f_uart_polling/CMSIS" -I"/home/divine/Desktop/FRDM-UART/frdmk64f_uart_polling/frdmk64f/driver_examples/uart/polling" -O0 -fno-common -g3 -c -ffunction-sections -fdata-sections -ffreestanding -fno-builtin -fmerge-constants -fmacro-prefix-map="../source/"=. -mcpu=cortex-m4 -mfpu=fpv4-sp-d16 -mfloat-abi=hard -mthumb -D__REDLIB__ -fstack-usage -specs=redlib.specs -MMD -MP -MF"source/uart_polling.d" -MT"source/uart_polling.o" -MT"source/uart_polling.d" -o "source/uart_polling.o" "../source/uart_polling.c"
Finished building: ../startup/startup_mk64f12.c
 
Building file: ../drivers/fsl_clock.c
Invoking: MCU C Compiler
arm-none-eabi-gcc -std=gnu99 -D__REDLIB__ -DCPU_MK64FN1M0VLL12 -DCPU_MK64FN1M0VLL12_cm4 -DFRDM_K64F -DFREEDOM -DMCUXPRESSO_SDK -DSDK_DEBUGCONSOLE=1 -DCR_INTEGER_PRINTF -DPRINTF_FLOAT_ENABLE=0 -D__MCUXPRESSO -D__USE_CMSIS -DDEBUG -I"/home/divine/Desktop/FRDM-UART/frdmk64f_uart_polling/board" -I"/home/divine/Desktop/FRDM-UART/frdmk64f_uart_polling/source" -I"/home/divine/Desktop/FRDM-UART/frdmk64f_uart_polling/utilities" -I"/home/divine/Desktop/FRDM-UART/frdmk64f_uart_polling/drivers" -I"/home/divine/Desktop/FRDM-UART/frdmk64f_uart_polling/device" -I"/home/divine/Desktop/FRDM-UART/frdmk64f_uart_polling/component/uart" -I"/home/divine/Desktop/FRDM-UART/frdmk64f_uart_polling/component/lists" -I"/home/divine/Desktop/FRDM-UART/frdmk64f_uart_polling/CMSIS" -I"/home/divine/Desktop/FRDM-UART/frdmk64f_uart_polling/frdmk64f/driver_examples/uart/polling" -O0 -fno-common -g3 -c -ffunction-sections -fdata-sections -ffreestanding -fno-builtin -fmerge-constants -fmacro-prefix-map="../drivers/"=. -mcpu=cortex-m4 -mfpu=fpv4-sp-d16 -mfloat-abi=hard -mthumb -D__REDLIB__ -fstack-usage -specs=redlib.specs -MMD -MP -MF"drivers/fsl_clock.d" -MT"drivers/fsl_clock.o" -MT"drivers/fsl_clock.d" -o "drivers/fsl_clock.o" "../drivers/fsl_clock.c"
Finished building: ../utilities/fsl_debug_console.c
 
Building file: ../drivers/fsl_common.c
Invoking: MCU C Compiler
arm-none-eabi-gcc -std=gnu99 -D__REDLIB__ -DCPU_MK64FN1M0VLL12 -DCPU_MK64FN1M0VLL12_cm4 -DFRDM_K64F -DFREEDOM -DMCUXPRESSO_SDK -DSDK_DEBUGCONSOLE=1 -DCR_INTEGER_PRINTF -DPRINTF_FLOAT_ENABLE=0 -D__MCUXPRESSO -D__USE_CMSIS -DDEBUG -I"/home/divine/Desktop/FRDM-UART/frdmk64f_uart_polling/board" -I"/home/divine/Desktop/FRDM-UART/frdmk64f_uart_polling/source" -I"/home/divine/Desktop/FRDM-UART/frdmk64f_uart_polling/utilities" -I"/home/divine/Desktop/FRDM-UART/frdmk64f_uart_polling/drivers" -I"/home/divine/Desktop/FRDM-UART/frdmk64f_uart_polling/device" -I"/home/divine/Desktop/FRDM-UART/frdmk64f_uart_polling/component/uart" -I"/home/divine/Desktop/FRDM-UART/frdmk64f_uart_polling/component/lists" -I"/home/divine/Desktop/FRDM-UART/frdmk64f_uart_polling/CMSIS" -I"/home/divine/Desktop/FRDM-UART/frdmk64f_uart_polling/frdmk64f/driver_examples/uart/polling" -O0 -fno-common -g3 -c -ffunction-sections -fdata-sections -ffreestanding -fno-builtin -fmerge-constants -fmacro-prefix-map="../drivers/"=. -mcpu=cortex-m4 -mfpu=fpv4-sp-d16 -mfloat-abi=hard -mthumb -D__REDLIB__ -fstack-usage -specs=redlib.specs -MMD -MP -MF"drivers/fsl_common.d" -MT"drivers/fsl_common.o" -MT"drivers/fsl_common.d" -o "drivers/fsl_common.o" "../drivers/fsl_common.c"
Finished building: ../utilities/fsl_assert.c
 
Building file: ../drivers/fsl_common_arm.c
Invoking: MCU C Compiler
arm-none-eabi-gcc -std=gnu99 -D__REDLIB__ -DCPU_MK64FN1M0VLL12 -DCPU_MK64FN1M0VLL12_cm4 -DFRDM_K64F -DFREEDOM -DMCUXPRESSO_SDK -DSDK_DEBUGCONSOLE=1 -DCR_INTEGER_PRINTF -DPRINTF_FLOAT_ENABLE=0 -D__MCUXPRESSO -D__USE_CMSIS -DDEBUG -I"/home/divine/Desktop/FRDM-UART/frdmk64f_uart_polling/board" -I"/home/divine/Desktop/FRDM-UART/frdmk64f_uart_polling/source" -I"/home/divine/Desktop/FRDM-UART/frdmk64f_uart_polling/utilities" -I"/home/divine/Desktop/FRDM-UART/frdmk64f_uart_polling/drivers" -I"/home/divine/Desktop/FRDM-UART/frdmk64f_uart_polling/device" -I"/home/divine/Desktop/FRDM-UART/frdmk64f_uart_polling/component/uart" -I"/home/divine/Desktop/FRDM-UART/frdmk64f_uart_polling/component/lists" -I"/home/divine/Desktop/FRDM-UART/frdmk64f_uart_polling/CMSIS" -I"/home/divine/Desktop/FRDM-UART/frdmk64f_uart_polling/frdmk64f/driver_examples/uart/polling" -O0 -fno-common -g3 -c -ffunction-sections -fdata-sections -ffreestanding -fno-builtin -fmerge-constants -fmacro-prefix-map="../drivers/"=. -mcpu=cortex-m4 -mfpu=fpv4-sp-d16 -mfloat-abi=hard -mthumb -D__REDLIB__ -fstack-usage -specs=redlib.specs -MMD -MP -MF"drivers/fsl_common_arm.d" -MT"drivers/fsl_common_arm.o" -MT"drivers/fsl_common_arm.d" -o "drivers/fsl_common_arm.o" "../drivers/fsl_common_arm.c"
Finished building: ../source/uart_polling.c
 
Building file: ../drivers/fsl_ftfx_cache.c
Invoking: MCU C Compiler
arm-none-eabi-gcc -std=gnu99 -D__REDLIB__ -DCPU_MK64FN1M0VLL12 -DCPU_MK64FN1M0VLL12_cm4 -DFRDM_K64F -DFREEDOM -DMCUXPRESSO_SDK -DSDK_DEBUGCONSOLE=1 -DCR_INTEGER_PRINTF -DPRINTF_FLOAT_ENABLE=0 -D__MCUXPRESSO -D__USE_CMSIS -DDEBUG -I"/home/divine/Desktop/FRDM-UART/frdmk64f_uart_polling/board" -I"/home/divine/Desktop/FRDM-UART/frdmk64f_uart_polling/source" -I"/home/divine/Desktop/FRDM-UART/frdmk64f_uart_polling/utilities" -I"/home/divine/Desktop/FRDM-UART/frdmk64f_uart_polling/drivers" -I"/home/divine/Desktop/FRDM-UART/frdmk64f_uart_polling/device" -I"/home/divine/Desktop/FRDM-UART/frdmk64f_uart_polling/component/uart" -I"/home/divine/Desktop/FRDM-UART/frdmk64f_uart_polling/component/lists" -I"/home/divine/Desktop/FRDM-UART/frdmk64f_uart_polling/CMSIS" -I"/home/divine/Desktop/FRDM-UART/frdmk64f_uart_polling/frdmk64f/driver_examples/uart/polling" -O0 -fno-common -g3 -c -ffunction-sections -fdata-sections -ffreestanding -fno-builtin -fmerge-constants -fmacro-prefix-map="../drivers/"=. -mcpu=cortex-m4 -mfpu=fpv4-sp-d16 -mfloat-abi=hard -mthumb -D__REDLIB__ -fstack-usage -specs=redlib.specs -MMD -MP -MF"drivers/fsl_ftfx_cache.d" -MT"drivers/fsl_ftfx_cache.o" -MT"drivers/fsl_ftfx_cache.d" -o "drivers/fsl_ftfx_cache.o" "../drivers/fsl_ftfx_cache.c"
Finished building: ../drivers/fsl_common.c
 
Building file: ../drivers/fsl_ftfx_controller.c
Invoking: MCU C Compiler
arm-none-eabi-gcc -std=gnu99 -D__REDLIB__ -DCPU_MK64FN1M0VLL12 -DCPU_MK64FN1M0VLL12_cm4 -DFRDM_K64F -DFREEDOM -DMCUXPRESSO_SDK -DSDK_DEBUGCONSOLE=1 -DCR_INTEGER_PRINTF -DPRINTF_FLOAT_ENABLE=0 -D__MCUXPRESSO -D__USE_CMSIS -DDEBUG -I"/home/divine/Desktop/FRDM-UART/frdmk64f_uart_polling/board" -I"/home/divine/Desktop/FRDM-UART/frdmk64f_uart_polling/source" -I"/home/divine/Desktop/FRDM-UART/frdmk64f_uart_polling/utilities" -I"/home/divine/Desktop/FRDM-UART/frdmk64f_uart_polling/drivers" -I"/home/divine/Desktop/FRDM-UART/frdmk64f_uart_polling/device" -I"/home/divine/Desktop/FRDM-UART/frdmk64f_uart_polling/component/uart" -I"/home/divine/Desktop/FRDM-UART/frdmk64f_uart_polling/component/lists" -I"/home/divine/Desktop/FRDM-UART/frdmk64f_uart_polling/CMSIS" -I"/home/divine/Desktop/FRDM-UART/frdmk64f_uart_polling/frdmk64f/driver_examples/uart/polling" -O0 -fno-common -g3 -c -ffunction-sections -fdata-sections -ffreestanding -fno-builtin -fmerge-constants -fmacro-prefix-map="../drivers/"=. -mcpu=cortex-m4 -mfpu=fpv4-sp-d16 -mfloat-abi=hard -mthumb -D__REDLIB__ -fstack-usage -specs=redlib.specs -MMD -MP -MF"drivers/fsl_ftfx_controller.d" -MT"drivers/fsl_ftfx_controller.o" -MT"drivers/fsl_ftfx_controller.d" -o "drivers/fsl_ftfx_controller.o" "../drivers/fsl_ftfx_controller.c"
Finished building: ../drivers/fsl_clock.c
 
Building file: ../drivers/fsl_ftfx_flash.c
Invoking: MCU C Compiler
arm-none-eabi-gcc -std=gnu99 -D__REDLIB__ -DCPU_MK64FN1M0VLL12 -DCPU_MK64FN1M0VLL12_cm4 -DFRDM_K64F -DFREEDOM -DMCUXPRESSO_SDK -DSDK_DEBUGCONSOLE=1 -DCR_INTEGER_PRINTF -DPRINTF_FLOAT_ENABLE=0 -D__MCUXPRESSO -D__USE_CMSIS -DDEBUG -I"/home/divine/Desktop/FRDM-UART/frdmk64f_uart_polling/board" -I"/home/divine/Desktop/FRDM-UART/frdmk64f_uart_polling/source" -I"/home/divine/Desktop/FRDM-UART/frdmk64f_uart_polling/utilities" -I"/home/divine/Desktop/FRDM-UART/frdmk64f_uart_polling/drivers" -I"/home/divine/Desktop/FRDM-UART/frdmk64f_uart_polling/device" -I"/home/divine/Desktop/FRDM-UART/frdmk64f_uart_polling/component/uart" -I"/home/divine/Desktop/FRDM-UART/frdmk64f_uart_polling/component/lists" -I"/home/divine/Desktop/FRDM-UART/frdmk64f_uart_polling/CMSIS" -I"/home/divine/Desktop/FRDM-UART/frdmk64f_uart_polling/frdmk64f/driver_examples/uart/polling" -O0 -fno-common -g3 -c -ffunction-sections -fdata-sections -ffreestanding -fno-builtin -fmerge-constants -fmacro-prefix-map="../drivers/"=. -mcpu=cortex-m4 -mfpu=fpv4-sp-d16 -mfloat-abi=hard -mthumb -D__REDLIB__ -fstack-usage -specs=redlib.specs -MMD -MP -MF"drivers/fsl_ftfx_flash.d" -MT"drivers/fsl_ftfx_flash.o" -MT"drivers/fsl_ftfx_flash.d" -o "drivers/fsl_ftfx_flash.o" "../drivers/fsl_ftfx_flash.c"
Finished building: ../drivers/fsl_common_arm.c
 
Building file: ../drivers/fsl_ftfx_flexnvm.c
Invoking: MCU C Compiler
arm-none-eabi-gcc -std=gnu99 -D__REDLIB__ -DCPU_MK64FN1M0VLL12 -DCPU_MK64FN1M0VLL12_cm4 -DFRDM_K64F -DFREEDOM -DMCUXPRESSO_SDK -DSDK_DEBUGCONSOLE=1 -DCR_INTEGER_PRINTF -DPRINTF_FLOAT_ENABLE=0 -D__MCUXPRESSO -D__USE_CMSIS -DDEBUG -I"/home/divine/Desktop/FRDM-UART/frdmk64f_uart_polling/board" -I"/home/divine/Desktop/FRDM-UART/frdmk64f_uart_polling/source" -I"/home/divine/Desktop/FRDM-UART/frdmk64f_uart_polling/utilities" -I"/home/divine/Desktop/FRDM-UART/frdmk64f_uart_polling/drivers" -I"/home/divine/Desktop/FRDM-UART/frdmk64f_uart_polling/device" -I"/home/divine/Desktop/FRDM-UART/frdmk64f_uart_polling/component/uart" -I"/home/divine/Desktop/FRDM-UART/frdmk64f_uart_polling/component/lists" -I"/home/divine/Desktop/FRDM-UART/frdmk64f_uart_polling/CMSIS" -I"/home/divine/Desktop/FRDM-UART/frdmk64f_uart_polling/frdmk64f/driver_examples/uart/polling" -O0 -fno-common -g3 -c -ffunction-sections -fdata-sections -ffreestanding -fno-builtin -fmerge-constants -fmacro-prefix-map="../drivers/"=. -mcpu=cortex-m4 -mfpu=fpv4-sp-d16 -mfloat-abi=hard -mthumb -D__REDLIB__ -fstack-usage -specs=redlib.specs -MMD -MP -MF"drivers/fsl_ftfx_flexnvm.d" -MT"drivers/fsl_ftfx_flexnvm.o" -MT"drivers/fsl_ftfx_flexnvm.d" -o "drivers/fsl_ftfx_flexnvm.o" "../drivers/fsl_ftfx_flexnvm.c"
Finished building: ../drivers/fsl_ftfx_cache.c
 
Building file: ../drivers/fsl_gpio.c
Invoking: MCU C Compiler
arm-none-eabi-gcc -std=gnu99 -D__REDLIB__ -DCPU_MK64FN1M0VLL12 -DCPU_MK64FN1M0VLL12_cm4 -DFRDM_K64F -DFREEDOM -DMCUXPRESSO_SDK -DSDK_DEBUGCONSOLE=1 -DCR_INTEGER_PRINTF -DPRINTF_FLOAT_ENABLE=0 -D__MCUXPRESSO -D__USE_CMSIS -DDEBUG -I"/home/divine/Desktop/FRDM-UART/frdmk64f_uart_polling/board" -I"/home/divine/Desktop/FRDM-UART/frdmk64f_uart_polling/source" -I"/home/divine/Desktop/FRDM-UART/frdmk64f_uart_polling/utilities" -I"/home/divine/Desktop/FRDM-UART/frdmk64f_uart_polling/drivers" -I"/home/divine/Desktop/FRDM-UART/frdmk64f_uart_polling/device" -I"/home/divine/Desktop/FRDM-UART/frdmk64f_uart_polling/component/uart" -I"/home/divine/Desktop/FRDM-UART/frdmk64f_uart_polling/component/lists" -I"/home/divine/Desktop/FRDM-UART/frdmk64f_uart_polling/CMSIS" -I"/home/divine/Desktop/FRDM-UART/frdmk64f_uart_polling/frdmk64f/driver_examples/uart/polling" -O0 -fno-common -g3 -c -ffunction-sections -fdata-sections -ffreestanding -fno-builtin -fmerge-constants -fmacro-prefix-map="../drivers/"=. -mcpu=cortex-m4 -mfpu=fpv4-sp-d16 -mfloat-abi=hard -mthumb -D__REDLIB__ -fstack-usage -specs=redlib.specs -MMD -MP -MF"drivers/fsl_gpio.d" -MT"drivers/fsl_gpio.o" -MT"drivers/fsl_gpio.d" -o "drivers/fsl_gpio.o" "../drivers/fsl_gpio.c"
Finished building: ../drivers/fsl_ftfx_flexnvm.c
 
Building file: ../drivers/fsl_smc.c
Finished building: ../drivers/fsl_ftfx_controller.c
Invoking: MCU C Compiler
arm-none-eabi-gcc -std=gnu99 -D__REDLIB__ -DCPU_MK64FN1M0VLL12 -DCPU_MK64FN1M0VLL12_cm4 -DFRDM_K64F -DFREEDOM -DMCUXPRESSO_SDK -DSDK_DEBUGCONSOLE=1 -DCR_INTEGER_PRINTF -DPRINTF_FLOAT_ENABLE=0 -D__MCUXPRESSO -D__USE_CMSIS -DDEBUG -I"/home/divine/Desktop/FRDM-UART/frdmk64f_uart_polling/board" -I"/home/divine/Desktop/FRDM-UART/frdmk64f_uart_polling/source" -I"/home/divine/Desktop/FRDM-UART/frdmk64f_uart_polling/utilities" -I"/home/divine/Desktop/FRDM-UART/frdmk64f_uart_polling/drivers" -I"/home/divine/Desktop/FRDM-UART/frdmk64f_uart_polling/device" -I"/home/divine/Desktop/FRDM-UART/frdmk64f_uart_polling/component/uart" -I"/home/divine/Desktop/FRDM-UART/frdmk64f_uart_polling/component/lists" -I"/home/divine/Desktop/FRDM-UART/frdmk64f_uart_polling/CMSIS" -I"/home/divine/Desktop/FRDM-UART/frdmk64f_uart_polling/frdmk64f/driver_examples/uart/polling" -O0 -fno-common -g3 -c -ffunction-sections -fdata-sections -ffreestanding -fno-builtin -fmerge-constants -fmacro-prefix-map="../drivers/"=. -mcpu=cortex-m4 -mfpu=fpv4-sp-d16 -mfloat-abi=hard -mthumb -D__REDLIB__ -fstack-usage -specs=redlib.specs -MMD -MP -MF"drivers/fsl_smc.d" -MT"drivers/fsl_smc.o" -MT"drivers/fsl_smc.d" -o "drivers/fsl_smc.o" "../drivers/fsl_smc.c"
 
Building file: ../drivers/fsl_uart.c
Invoking: MCU C Compiler
arm-none-eabi-gcc -std=gnu99 -D__REDLIB__ -DCPU_MK64FN1M0VLL12 -DCPU_MK64FN1M0VLL12_cm4 -DFRDM_K64F -DFREEDOM -DMCUXPRESSO_SDK -DSDK_DEBUGCONSOLE=1 -DCR_INTEGER_PRINTF -DPRINTF_FLOAT_ENABLE=0 -D__MCUXPRESSO -D__USE_CMSIS -DDEBUG -I"/home/divine/Desktop/FRDM-UART/frdmk64f_uart_polling/board" -I"/home/divine/Desktop/FRDM-UART/frdmk64f_uart_polling/source" -I"/home/divine/Desktop/FRDM-UART/frdmk64f_uart_polling/utilities" -I"/home/divine/Desktop/FRDM-UART/frdmk64f_uart_polling/drivers" -I"/home/divine/Desktop/FRDM-UART/frdmk64f_uart_polling/device" -I"/home/divine/Desktop/FRDM-UART/frdmk64f_uart_polling/component/uart" -I"/home/divine/Desktop/FRDM-UART/frdmk64f_uart_polling/component/lists" -I"/home/divine/Desktop/FRDM-UART/frdmk64f_uart_polling/CMSIS" -I"/home/divine/Desktop/FRDM-UART/frdmk64f_uart_polling/frdmk64f/driver_examples/uart/polling" -O0 -fno-common -g3 -c -ffunction-sections -fdata-sections -ffreestanding -fno-builtin -fmerge-constants -fmacro-prefix-map="../drivers/"=. -mcpu=cortex-m4 -mfpu=fpv4-sp-d16 -mfloat-abi=hard -mthumb -D__REDLIB__ -fstack-usage -specs=redlib.specs -MMD -MP -MF"drivers/fsl_uart.d" -MT"drivers/fsl_uart.o" -MT"drivers/fsl_uart.d" -o "drivers/fsl_uart.o" "../drivers/fsl_uart.c"
Finished building: ../drivers/fsl_ftfx_flash.c
 
Building file: ../device/system_MK64F12.c
Invoking: MCU C Compiler
arm-none-eabi-gcc -std=gnu99 -D__REDLIB__ -DCPU_MK64FN1M0VLL12 -DCPU_MK64FN1M0VLL12_cm4 -DFRDM_K64F -DFREEDOM -DMCUXPRESSO_SDK -DSDK_DEBUGCONSOLE=1 -DCR_INTEGER_PRINTF -DPRINTF_FLOAT_ENABLE=0 -D__MCUXPRESSO -D__USE_CMSIS -DDEBUG -I"/home/divine/Desktop/FRDM-UART/frdmk64f_uart_polling/board" -I"/home/divine/Desktop/FRDM-UART/frdmk64f_uart_polling/source" -I"/home/divine/Desktop/FRDM-UART/frdmk64f_uart_polling/utilities" -I"/home/divine/Desktop/FRDM-UART/frdmk64f_uart_polling/drivers" -I"/home/divine/Desktop/FRDM-UART/frdmk64f_uart_polling/device" -I"/home/divine/Desktop/FRDM-UART/frdmk64f_uart_polling/component/uart" -I"/home/divine/Desktop/FRDM-UART/frdmk64f_uart_polling/component/lists" -I"/home/divine/Desktop/FRDM-UART/frdmk64f_uart_polling/CMSIS" -I"/home/divine/Desktop/FRDM-UART/frdmk64f_uart_polling/frdmk64f/driver_examples/uart/polling" -O0 -fno-common -g3 -c -ffunction-sections -fdata-sections -ffreestanding -fno-builtin -fmerge-constants -fmacro-prefix-map="../device/"=. -mcpu=cortex-m4 -mfpu=fpv4-sp-d16 -mfloat-abi=hard -mthumb -D__REDLIB__ -fstack-usage -specs=redlib.specs -MMD -MP -MF"device/system_MK64F12.d" -MT"device/system_MK64F12.o" -MT"device/system_MK64F12.d" -o "device/system_MK64F12.o" "../device/system_MK64F12.c"
Finished building: ../drivers/fsl_gpio.c
 
Building file: ../component/uart/fsl_adapter_uart.c
Invoking: MCU C Compiler
arm-none-eabi-gcc -std=gnu99 -D__REDLIB__ -DCPU_MK64FN1M0VLL12 -DCPU_MK64FN1M0VLL12_cm4 -DFRDM_K64F -DFREEDOM -DMCUXPRESSO_SDK -DSDK_DEBUGCONSOLE=1 -DCR_INTEGER_PRINTF -DPRINTF_FLOAT_ENABLE=0 -D__MCUXPRESSO -D__USE_CMSIS -DDEBUG -I"/home/divine/Desktop/FRDM-UART/frdmk64f_uart_polling/board" -I"/home/divine/Desktop/FRDM-UART/frdmk64f_uart_polling/source" -I"/home/divine/Desktop/FRDM-UART/frdmk64f_uart_polling/utilities" -I"/home/divine/Desktop/FRDM-UART/frdmk64f_uart_polling/drivers" -I"/home/divine/Desktop/FRDM-UART/frdmk64f_uart_polling/device" -I"/home/divine/Desktop/FRDM-UART/frdmk64f_uart_polling/component/uart" -I"/home/divine/Desktop/FRDM-UART/frdmk64f_uart_polling/component/lists" -I"/home/divine/Desktop/FRDM-UART/frdmk64f_uart_polling/CMSIS" -I"/home/divine/Desktop/FRDM-UART/frdmk64f_uart_polling/frdmk64f/driver_examples/uart/polling" -O0 -fno-common -g3 -c -ffunction-sections -fdata-sections -ffreestanding -fno-builtin -fmerge-constants -fmacro-prefix-map="../component/uart/"=. -mcpu=cortex-m4 -mfpu=fpv4-sp-d16 -mfloat-abi=hard -mthumb -D__REDLIB__ -fstack-usage -specs=redlib.specs -MMD -MP -MF"component/uart/fsl_adapter_uart.d" -MT"component/uart/fsl_adapter_uart.o" -MT"component/uart/fsl_adapter_uart.d" -o "component/uart/fsl_adapter_uart.o" "../component/uart/fsl_adapter_uart.c"
Finished building: ../drivers/fsl_smc.c
 
Building file: ../component/lists/fsl_component_generic_list.c
Finished building: ../device/system_MK64F12.c
Invoking: MCU C Compiler
arm-none-eabi-gcc -std=gnu99 -D__REDLIB__ -DCPU_MK64FN1M0VLL12 -DCPU_MK64FN1M0VLL12_cm4 -DFRDM_K64F -DFREEDOM -DMCUXPRESSO_SDK -DSDK_DEBUGCONSOLE=1 -DCR_INTEGER_PRINTF -DPRINTF_FLOAT_ENABLE=0 -D__MCUXPRESSO -D__USE_CMSIS -DDEBUG -I"/home/divine/Desktop/FRDM-UART/frdmk64f_uart_polling/board" -I"/home/divine/Desktop/FRDM-UART/frdmk64f_uart_polling/source" -I"/home/divine/Desktop/FRDM-UART/frdmk64f_uart_polling/utilities" -I"/home/divine/Desktop/FRDM-UART/frdmk64f_uart_polling/drivers" -I"/home/divine/Desktop/FRDM-UART/frdmk64f_uart_polling/device" -I"/home/divine/Desktop/FRDM-UART/frdmk64f_uart_polling/component/uart" -I"/home/divine/Desktop/FRDM-UART/frdmk64f_uart_polling/component/lists" -I"/home/divine/Desktop/FRDM-UART/frdmk64f_uart_polling/CMSIS" -I"/home/divine/Desktop/FRDM-UART/frdmk64f_uart_polling/frdmk64f/driver_examples/uart/polling" -O0 -fno-common -g3 -c -ffunction-sections -fdata-sections -ffreestanding -fno-builtin -fmerge-constants -fmacro-prefix-map="../component/lists/"=. -mcpu=cortex-m4 -mfpu=fpv4-sp-d16 -mfloat-abi=hard -mthumb -D__REDLIB__ -fstack-usage -specs=redlib.specs -MMD -MP -MF"component/lists/fsl_component_generic_list.d" -MT"component/lists/fsl_component_generic_list.o" -MT"component/lists/fsl_component_generic_list.d" -o "component/lists/fsl_component_generic_list.o" "../component/lists/fsl_component_generic_list.c"
 
Building file: ../board/board.c
Invoking: MCU C Compiler
[...]
In file included from /home/divine/Desktop/FRDM-UART/UART_Interrupt/device/fsl_device_registers.h:24,
                 from /home/divine/Desktop/FRDM-UART/UART_Interrupt/drivers/fsl_common.h:22,
                 from /home/divine/Desktop/FRDM-UART/UART_Interrupt/drivers/fsl_uart.h:11,
                 from ../source/uart.h:2,
                 from ../source/uart_read.c:1:
../source/uart_read.c: In function 'UART0_RX_TX_IRQHandler':
/home/divine/Desktop/FRDM-UART/UART_Interrupt/device/MK64F12.h:14421:50: warning: passing argument 1 of 'PORT_ClearPinsInterruptFlags' from incompatible pointer type [-Wincompatible-pointer-types]
14421 | #define GPIOB                                    ((GPIO_Type *)GPIOB_BASE)
      |                                                  ^~~~~~~~~~~~~~~~~~~~~~~~~
      |                                                  |
      |                                                  GPIO_Type *
../source/uart_read.c:23:31: note: in expansion of macro 'GPIOB'
   23 |  PORT_ClearPinsInterruptFlags(GPIOB, (1<<16));
      |                               ^~~~~
In file included from ../source/uart_read.c:3:
/home/divine/Desktop/FRDM-UART/UART_Interrupt/drivers/fsl_port.h:520:60: note: expected 'PORT_Type *' but argument is of type 'GPIO_Type *'
  520 | static inline void PORT_ClearPinsInterruptFlags(PORT_Type *base, uint32_t mask)
      |                                                 ~~~~~~~~~~~^~~~
In file included from /home/divine/Desktop/FRDM-UART/UART_Interrupt/device/fsl_device_registers.h:24,
                 from /home/divine/Desktop/FRDM-UART/UART_Interrupt/drivers/fsl_common.h:22,
                 from /home/divine/Desktop/FRDM-UART/UART_Interrupt/drivers/fsl_uart.h:11,
                 from ../source/uart.h:2,
                 from ../source/uart_read.c:1:
/home/divine/Desktop/FRDM-UART/UART_Interrupt/device/MK64F12.h:14421:50: warning: passing argument 1 of 'PORT_ClearPinsInterruptFlags' from incompatible pointer type [-Wincompatible-pointer-types]
14421 | #define GPIOB                                    ((GPIO_Type *)GPIOB_BASE)
      |                                                  ^~~~~~~~~~~~~~~~~~~~~~~~~
      |                                                  |
      |                                                  GPIO_Type *
../source/uart_read.c:24:31: note: in expansion of macro 'GPIOB'
   24 |  PORT_ClearPinsInterruptFlags(GPIOB, (1<<17));
      |                               ^~~~~
In file included from ../source/uart_read.c:3:
/home/divine/Desktop/FRDM-UART/UART_Interrupt/drivers/fsl_port.h:520:60: note: expected 'PORT_Type *' but argument is of type 'GPIO_Type *'
  520 | static inline void PORT_ClearPinsInterruptFlags(PORT_Type *base, uint32_t mask)
      |                                                 ~~~~~~~~~~~^~~~
Finished building: ../source/main.c
Finished building: ../source/uart_read.c
 
 
Building target: UART_Interrupt.axf
Invoking: MCU Linker
arm-none-eabi-gcc -nostdlib -Xlinker -Map="UART_Interrupt.map" -Xlinker --gc-sections -Xlinker -print-memory-usage -Xlinker --sort-section=alignment -Xlinker --cref -mcpu=cortex-m4 -mfpu=fpv4-sp-d16 -mfloat-abi=hard -mthumb -T "UART_Interrupt_Debug.ld" -o "UART_Interrupt.axf"  ./utilities/fsl_debug_console.o ./utilities/fsl_str.o  ./startup/startup_mk64f12.o  ./source/main.o ./source/uart_init.o ./source/uart_read.o  ./drivers/fsl_adc16.o ./drivers/fsl_clock.o ./drivers/fsl_common.o ./drivers/fsl_common_arm.o ./drivers/fsl_gpio.o ./drivers/fsl_i2c.o ./drivers/fsl_smc.o ./drivers/fsl_uart.o  ./device/system_MK64F12.o  ./component/uart/fsl_adapter_uart.o  ./component/serial_manager/fsl_component_serial_manager.o ./component/serial_manager/fsl_component_serial_port_uart.o  ./component/lists/fsl_component_generic_list.o  ./board/board.o ./board/clock_config.o ./board/peripherals.o ./board/pin_mux.o   
Memory region         Used Size  Region Size  %age Used
   PROGRAM_FLASH:       14872 B         1 MB      1.42%
      SRAM_UPPER:        8496 B       192 KB      4.32%
      SRAM_LOWER:          0 GB        64 KB      0.00%
        FLEX_RAM:          0 GB         4 KB      0.00%
Finished building target: UART_Interrupt.axf
 
make --no-print-directory post-build
Performing post-build steps
arm-none-eabi-size "UART_Interrupt.axf"; # arm-none-eabi-objcopy -v -O binary "UART_Interrupt.axf" "UART_Interrupt.bin" ; # checksum -p MK64FN1M0xxx12 -d "UART_Interrupt.bin";
   text	   data	    bss	    dec	    hex	filename
  14856	     16	   8480	  23352	   5b38	UART_Interrupt.axf
 
14:18:24 **** Incremental Build of configuration Debug for project UART_Interrupt ****
make -r -j4 all 
Building file: ../source/uart_read.c
Invoking: MCU C Compiler
arm-none-eabi-gcc -D__REDLIB__ -DCPU_MK64FN1M0VLL12 -DCPU_MK64FN1M0VLL12_cm4 -DSDK_OS_BAREMETAL -DSERIAL_PORT_TYPE_UART=1 -DSDK_DEBUGCONSOLE=1 -DCR_INTEGER_PRINTF -DPRINTF_FLOAT_ENABLE=0 -D__MCUXPRESSO -D__USE_CMSIS -DDEBUG -I"/home/divine/Desktop/FRDM-UART/UART_Interrupt/board" -I"/home/divine/Desktop/FRDM-UART/UART_Interrupt/source" -I"/home/divine/Desktop/FRDM-UART/UART_Interrupt/drivers" -I"/home/divine/Desktop/FRDM-UART/UART_Interrupt/utilities" -I"/home/divine/Desktop/FRDM-UART/UART_Interrupt/component/serial_manager" -I"/home/divine/Desktop/FRDM-UART/UART_Interrupt/component/uart" -I"/home/divine/Desktop/FRDM-UART/UART_Interrupt/component/lists" -I"/home/divine/Desktop/FRDM-UART/UART_Interrupt/CMSIS" -I"/home/divine/Desktop/FRDM-UART/UART_Interrupt/device" -O0 -fno-common -g3 -Wall -c -ffunction-sections -fdata-sections -ffreestanding -fno-builtin -fmerge-constants -fmacro-prefix-map="../source/"=. -mcpu=cortex-m4 -mfpu=fpv4-sp-d16 -mfloat-abi=hard -mthumb -D__REDLIB__ -fstack-usage -specs=redlib.specs -MMD -MP -MF"source/uart_read.d" -MT"source/uart_read.o" -MT"source/uart_read.d" -o "source/uart_read.o" "../source/uart_read.c"
In file included from /home/divine/Desktop/FRDM-UART/UART_Interrupt/device/fsl_device_registers.h:24,
                 from /home/divine/Desktop/FRDM-UART/UART_Interrupt/drivers/fsl_common.h:22,
                 from /home/divine/Desktop/FRDM-UART/UART_Interrupt/drivers/fsl_uart.h:11,
                 from ../source/uart.h:2,
                 from ../source/uart_read.c:1:
../source/uart_read.c: In function 'UART0_RX_TX_IRQHandler':
/home/divine/Desktop/FRDM-UART/UART_Interrupt/device/MK64F12.h:14421:50: warning: passing argument 1 of 'PORT_ClearPinsInterruptFlags' from incompatible pointer type [-Wincompatible-pointer-types]
14421 | #define GPIOB                                    ((GPIO_Type *)GPIOB_BASE)
      |                                                  ^~~~~~~~~~~~~~~~~~~~~~~~~
      |                                                  |
      |                                                  GPIO_Type *
../source/uart_read.c:23:31: note: in expansion of macro 'GPIOB'
   23 |  PORT_ClearPinsInterruptFlags(GPIOB, (1<<16));
      |                               ^~~~~
In file included from ../source/uart_read.c:3:
/home/divine/Desktop/FRDM-UART/UART_Interrupt/drivers/fsl_port.h:520:60: note: expected 'PORT_Type *' but argument is of type 'GPIO_Type *'
  520 | static inline void PORT_ClearPinsInterruptFlags(PORT_Type *base, uint32_t mask)
      |                                                 ~~~~~~~~~~~^~~~
In file included from /home/divine/Desktop/FRDM-UART/UART_Interrupt/device/fsl_device_registers.h:24,
                 from /home/divine/Desktop/FRDM-UART/UART_Interrupt/drivers/fsl_common.h:22,
                 from /home/divine/Desktop/FRDM-UART/UART_Interrupt/drivers/fsl_uart.h:11,
                 from ../source/uart.h:2,
                 from ../source/uart_read.c:1:
/home/divine/Desktop/FRDM-UART/UART_Interrupt/device/MK64F12.h:14421:50: warning: passing argument 1 of 'PORT_ClearPinsInterruptFlags' from incompatible pointer type [-Wincompatible-pointer-types]
14421 | #define GPIOB                                    ((GPIO_Type *)GPIOB_BASE)
      |                                                  ^~~~~~~~~~~~~~~~~~~~~~~~~
      |                                                  |
      |                                                  GPIO_Type *
../source/uart_read.c:24:31: note: in expansion of macro 'GPIOB'
   24 |  PORT_ClearPinsInterruptFlags(GPIOB, (1<<17));
      |                               ^~~~~
In file included from ../source/uart_read.c:3:
/home/divine/Desktop/FRDM-UART/UART_Interrupt/drivers/fsl_port.h:520:60: note: expected 'PORT_Type *' but argument is of type 'GPIO_Type *'
  520 | static inline void PORT_ClearPinsInterruptFlags(PORT_Type *base, uint32_t mask)
      |                                                 ~~~~~~~~~~~^~~~
Finished building: ../source/uart_read.c
 
Building target: UART_Interrupt.axf
Invoking: MCU Linker
arm-none-eabi-gcc -nostdlib -Xlinker -Map="UART_Interrupt.map" -Xlinker --gc-sections -Xlinker -print-memory-usage -Xlinker --sort-section=alignment -Xlinker --cref -mcpu=cortex-m4 -mfpu=fpv4-sp-d16 -mfloat-abi=hard -mthumb -T "UART_Interrupt_Debug.ld" -o "UART_Interrupt.axf"  ./utilities/fsl_debug_console.o ./utilities/fsl_str.o  ./startup/startup_mk64f12.o  ./source/main.o ./source/uart_init.o ./source/uart_read.o  ./drivers/fsl_adc16.o ./drivers/fsl_clock.o ./drivers/fsl_common.o ./drivers/fsl_common_arm.o ./drivers/fsl_gpio.o ./drivers/fsl_i2c.o ./drivers/fsl_smc.o ./drivers/fsl_uart.o  ./device/system_MK64F12.o  ./component/uart/fsl_adapter_uart.o  ./component/serial_manager/fsl_component_serial_manager.o ./component/serial_manager/fsl_component_serial_port_uart.o  ./component/lists/fsl_component_generic_list.o  ./board/board.o ./board/clock_config.o ./board/peripherals.o ./board/pin_mux.o   
Memory region         Used Size  Region Size  %age Used
   PROGRAM_FLASH:       14888 B         1 MB      1.42%
      SRAM_UPPER:        8496 B       192 KB      4.32%
      SRAM_LOWER:          0 GB        64 KB      0.00%
        FLEX_RAM:          0 GB         4 KB      0.00%
Finished building target: UART_Interrupt.axf
 
make --no-print-directory post-build
Performing post-build steps
arm-none-eabi-size "UART_Interrupt.axf"; # arm-none-eabi-objcopy -v -O binary "UART_Interrupt.axf" "UART_Interrupt.bin" ; # checksum -p MK64FN1M0xxx12 -d "UART_Interrupt.bin";
   text	   data	    bss	    dec	    hex	filename
  14872	     16	   8480	  23368	   5b48	UART_Interrupt.axf
 
14:18:51 **** Incremental Build of configuration Debug for project UART_Interrupt ****
make -r -j4 all 
Building file: ../source/uart_read.c
Invoking: MCU C Compiler
arm-none-eabi-gcc -D__REDLIB__ -DCPU_MK64FN1M0VLL12 -DCPU_MK64FN1M0VLL12_cm4 -DSDK_OS_BAREMETAL -DSERIAL_PORT_TYPE_UART=1 -DSDK_DEBUGCONSOLE=1 -DCR_INTEGER_PRINTF -DPRINTF_FLOAT_ENABLE=0 -D__MCUXPRESSO -D__USE_CMSIS -DDEBUG -I"/home/divine/Desktop/FRDM-UART/UART_Interrupt/board" -I"/home/divine/Desktop/FRDM-UART/UART_Interrupt/source" -I"/home/divine/Desktop/FRDM-UART/UART_Interrupt/drivers" -I"/home/divine/Desktop/FRDM-UART/UART_Interrupt/utilities" -I"/home/divine/Desktop/FRDM-UART/UART_Interrupt/component/serial_manager" -I"/home/divine/Desktop/FRDM-UART/UART_Interrupt/component/uart" -I"/home/divine/Desktop/FRDM-UART/UART_Interrupt/component/lists" -I"/home/divine/Desktop/FRDM-UART/UART_Interrupt/CMSIS" -I"/home/divine/Desktop/FRDM-UART/UART_Interrupt/device" -O0 -fno-common -g3 -Wall -c -ffunction-sections -fdata-sections -ffreestanding -fno-builtin -fmerge-constants -fmacro-prefix-map="../source/"=. -mcpu=cortex-m4 -mfpu=fpv4-sp-d16 -mfloat-abi=hard -mthumb -D__REDLIB__ -fstack-usage -specs=redlib.specs -MMD -MP -MF"source/uart_read.d" -MT"source/uart_read.o" -MT"source/uart_read.d" -o "source/uart_read.o" "../source/uart_read.c"
In file included from /home/divine/Desktop/FRDM-UART/UART_Interrupt/device/fsl_device_registers.h:24,
                 from /home/divine/Desktop/FRDM-UART/UART_Interrupt/drivers/fsl_common.h:22,
                 from /home/divine/Desktop/FRDM-UART/UART_Interrupt/drivers/fsl_uart.h:11,
                 from ../source/uart.h:2,
                 from ../source/uart_read.c:1:
../source/uart_read.c: In function 'UART0_RX_TX_IRQHandler':
/home/divine/Desktop/FRDM-UART/UART_Interrupt/device/MK64F12.h:14421:50: warning: passing argument 1 of 'PORT_ClearPinsInterruptFlags' from incompatible pointer type [-Wincompatible-pointer-types]
14421 | #define GPIOB                                    ((GPIO_Type *)GPIOB_BASE)
      |                                                  ^~~~~~~~~~~~~~~~~~~~~~~~~
      |                                                  |
      |                                                  GPIO_Type *
../source/uart_read.c:22:31: note: in expansion of macro 'GPIOB'
   22 |  PORT_ClearPinsInterruptFlags(GPIOB, (1<<16));
      |                               ^~~~~
In file included from ../source/uart_read.c:3:
/home/divine/Desktop/FRDM-UART/UART_Interrupt/drivers/fsl_port.h:520:60: note: expected 'PORT_Type *' but argument is of type 'GPIO_Type *'
  520 | static inline void PORT_ClearPinsInterruptFlags(PORT_Type *base, uint32_t mask)
      |                                                 ~~~~~~~~~~~^~~~
In file included from /home/divine/Desktop/FRDM-UART/UART_Interrupt/device/fsl_device_registers.h:24,
                 from /home/divine/Desktop/FRDM-UART/UART_Interrupt/drivers/fsl_common.h:22,
                 from /home/divine/Desktop/FRDM-UART/UART_Interrupt/drivers/fsl_uart.h:11,
                 from ../source/uart.h:2,
                 from ../source/uart_read.c:1:
/home/divine/Desktop/FRDM-UART/UART_Interrupt/device/MK64F12.h:14421:50: warning: passing argument 1 of 'PORT_ClearPinsInterruptFlags' from incompatible pointer type [-Wincompatible-pointer-types]
14421 | #define GPIOB                                    ((GPIO_Type *)GPIOB_BASE)
      |                                                  ^~~~~~~~~~~~~~~~~~~~~~~~~
      |                                                  |
      |                                                  GPIO_Type *
../source/uart_read.c:23:31: note: in expansion of macro 'GPIOB'
   23 |  PORT_ClearPinsInterruptFlags(GPIOB, (1<<17));
      |                               ^~~~~
In file included from ../source/uart_read.c:3:
/home/divine/Desktop/FRDM-UART/UART_Interrupt/drivers/fsl_port.h:520:60: note: expected 'PORT_Type *' but argument is of type 'GPIO_Type *'
  520 | static inline void PORT_ClearPinsInterruptFlags(PORT_Type *base, uint32_t mask)
      |                                                 ~~~~~~~~~~~^~~~
Finished building: ../source/uart_read.c
 
Building target: UART_Interrupt.axf
Invoking: MCU Linker
arm-none-eabi-gcc -nostdlib -Xlinker -Map="UART_Interrupt.map" -Xlinker --gc-sections -Xlinker -print-memory-usage -Xlinker --sort-section=alignment -Xlinker --cref -mcpu=cortex-m4 -mfpu=fpv4-sp-d16 -mfloat-abi=hard -mthumb -T "UART_Interrupt_Debug.ld" -o "UART_Interrupt.axf"  ./utilities/fsl_debug_console.o ./utilities/fsl_str.o  ./startup/startup_mk64f12.o  ./source/main.o ./source/uart_init.o ./source/uart_read.o  ./drivers/fsl_adc16.o ./drivers/fsl_clock.o ./drivers/fsl_common.o ./drivers/fsl_common_arm.o ./drivers/fsl_gpio.o ./drivers/fsl_i2c.o ./drivers/fsl_smc.o ./drivers/fsl_uart.o  ./device/system_MK64F12.o  ./component/uart/fsl_adapter_uart.o  ./component/serial_manager/fsl_component_serial_manager.o ./component/serial_manager/fsl_component_serial_port_uart.o  ./component/lists/fsl_component_generic_list.o  ./board/board.o ./board/clock_config.o ./board/peripherals.o ./board/pin_mux.o   
Memory region         Used Size  Region Size  %age Used
   PROGRAM_FLASH:       12488 B         1 MB      1.19%
      SRAM_UPPER:        8456 B       192 KB      4.30%
      SRAM_LOWER:          0 GB        64 KB      0.00%
        FLEX_RAM:          0 GB         4 KB      0.00%
Finished building target: UART_Interrupt.axf
 
make --no-print-directory post-build
Performing post-build steps
arm-none-eabi-size "UART_Interrupt.axf"; # arm-none-eabi-objcopy -v -O binary "UART_Interrupt.axf" "UART_Interrupt.bin" ; # checksum -p MK64FN1M0xxx12 -d "UART_Interrupt.bin";
   text	   data	    bss	    dec	    hex	filename
  12472	     16	   8440	  20928	   51c0	UART_Interrupt.axf
 
14:20:59 **** Incremental Build of configuration Debug for project UART_Interrupt ****
make -r -j4 all 
Building file: ../source/uart_init.c
Invoking: MCU C Compiler
arm-none-eabi-gcc -D__REDLIB__ -DCPU_MK64FN1M0VLL12 -DCPU_MK64FN1M0VLL12_cm4 -DSDK_OS_BAREMETAL -DSERIAL_PORT_TYPE_UART=1 -DSDK_DEBUGCONSOLE=1 -DCR_INTEGER_PRINTF -DPRINTF_FLOAT_ENABLE=0 -D__MCUXPRESSO -D__USE_CMSIS -DDEBUG -I"/home/divine/Desktop/FRDM-UART/UART_Interrupt/board" -I"/home/divine/Desktop/FRDM-UART/UART_Interrupt/source" -I"/home/divine/Desktop/FRDM-UART/UART_Interrupt/drivers" -I"/home/divine/Desktop/FRDM-UART/UART_Interrupt/utilities" -I"/home/divine/Desktop/FRDM-UART/UART_Interrupt/component/serial_manager" -I"/home/divine/Desktop/FRDM-UART/UART_Interrupt/component/uart" -I"/home/divine/Desktop/FRDM-UART/UART_Interrupt/component/lists" -I"/home/divine/Desktop/FRDM-UART/UART_Interrupt/CMSIS" -I"/home/divine/Desktop/FRDM-UART/UART_Interrupt/device" -O0 -fno-common -g3 -Wall -c -ffunction-sections -fdata-sections -ffreestanding -fno-builtin -fmerge-constants -fmacro-prefix-map="../source/"=. -mcpu=cortex-m4 -mfpu=fpv4-sp-d16 -mfloat-abi=hard -mthumb -D__REDLIB__ -fstack-usage -specs=redlib.specs -MMD -MP -MF"source/uart_init.d" -MT"source/uart_init.o" -MT"source/uart_init.d" -o "source/uart_init.o" "../source/uart_init.c"
Finished building: ../source/uart_init.c
 
Building target: UART_Interrupt.axf
Invoking: MCU Linker
arm-none-eabi-gcc -nostdlib -Xlinker -Map="UART_Interrupt.map" -Xlinker --gc-sections -Xlinker -print-memory-usage -Xlinker --sort-section=alignment -Xlinker --cref -mcpu=cortex-m4 -mfpu=fpv4-sp-d16 -mfloat-abi=hard -mthumb -T "UART_Interrupt_Debug.ld" -o "UART_Interrupt.axf"  ./utilities/fsl_debug_console.o ./utilities/fsl_str.o  ./startup/startup_mk64f12.o  ./source/main.o ./source/uart_init.o ./source/uart_read.o  ./drivers/fsl_adc16.o ./drivers/fsl_clock.o ./drivers/fsl_common.o ./drivers/fsl_common_arm.o ./drivers/fsl_gpio.o ./drivers/fsl_i2c.o ./drivers/fsl_smc.o ./drivers/fsl_uart.o  ./device/system_MK64F12.o  ./component/uart/fsl_adapter_uart.o  ./component/serial_manager/fsl_component_serial_manager.o ./component/serial_manager/fsl_component_serial_port_uart.o  ./component/lists/fsl_component_generic_list.o  ./board/board.o ./board/clock_config.o ./board/peripherals.o ./board/pin_mux.o   
Memory region         Used Size  Region Size  %age Used
   PROGRAM_FLASH:       12512 B         1 MB      1.19%
      SRAM_UPPER:        8456 B       192 KB      4.30%
      SRAM_LOWER:          0 GB        64 KB      0.00%
        FLEX_RAM:          0 GB         4 KB      0.00%
Finished building target: UART_Interrupt.axf
 
make --no-print-directory post-build
Performing post-build steps
arm-none-eabi-size "UART_Interrupt.axf"; # arm-none-eabi-objcopy -v -O binary "UART_Interrupt.axf" "UART_Interrupt.bin" ; # checksum -p MK64FN1M0xxx12 -d "UART_Interrupt.bin";
   text	   data	    bss	    dec	    hex	filename
  12496	     16	   8440	  20952	   51d8	UART_Interrupt.axf
 
