14:16:11 **** Incremental Build of configuration Debug for project UART_Interrupt ****
make -r -j4 all 
Building file: ../source/uart_init.c
Building file: ../source/uart_read.c
Invoking: MCU C Compiler
arm-none-eabi-gcc -D__REDLIB__ -DCPU_MK64FN1M0VLL12 -DCPU_MK64FN1M0VLL12_cm4 -DSDK_OS_BAREMETAL -DSERIAL_PORT_TYPE_UART=1 -DSDK_DEBUGCONSOLE=1 -DCR_INTEGER_PRINTF -DPRINTF_FLOAT_ENABLE=0 -D__MCUXPRESSO -D__USE_CMSIS -DDEBUG -I"/home/divine/Desktop/FRDM-UART/UART_Interrupt/board" -I"/home/divine/Desktop/FRDM-UART/UART_Interrupt/source" -I"/home/divine/Desktop/FRDM-UART/UART_Interrupt/drivers" -I"/home/divine/Desktop/FRDM-UART/UART_Interrupt/utilities" -I"/home/divine/Desktop/FRDM-UART/UART_Interrupt/component/serial_manager" -I"/home/divine/Desktop/FRDM-UART/UART_Interrupt/component/uart" -I"/home/divine/Desktop/FRDM-UART/UART_Interrupt/component/lists" -I"/home/divine/Desktop/FRDM-UART/UART_Interrupt/CMSIS" -I"/home/divine/Desktop/FRDM-UART/UART_Interrupt/device" -O0 -fno-common -g3 -Wall -c -ffunction-sections -fdata-sections -ffreestanding -fno-builtin -fmerge-constants -fmacro-prefix-map="../source/"=. -mcpu=cortex-m4 -mfpu=fpv4-sp-d16 -mfloat-abi=hard -mthumb -D__REDLIB__ -fstack-usage -specs=redlib.specs -MMD -MP -MF"source/uart_init.d" -MT"source/uart_init.o" -MT"source/uart_init.d" -o "source/uart_init.o" "../source/uart_init.c"
Invoking: MCU C Compiler
arm-none-eabi-gcc -D__REDLIB__ -DCPU_MK64FN1M0VLL12 -DCPU_MK64FN1M0VLL12_cm4 -DSDK_OS_BAREMETAL -DSERIAL_PORT_TYPE_UART=1 -DSDK_DEBUGCONSOLE=1 -DCR_INTEGER_PRINTF -DPRINTF_FLOAT_ENABLE=0 -D__MCUXPRESSO -D__USE_CMSIS -DDEBUG -I"/home/divine/Desktop/FRDM-UART/UART_Interrupt/board" -I"/home/divine/Desktop/FRDM-UART/UART_Interrupt/source" -I"/home/divine/Desktop/FRDM-UART/UART_Interrupt/drivers" -I"/home/divine/Desktop/FRDM-UART/UART_Interrupt/utilities" -I"/home/divine/Desktop/FRDM-UART/UART_Interrupt/component/serial_manager" -I"/home/divine/Desktop/FRDM-UART/UART_Interrupt/component/uart" -I"/home/divine/Desktop/FRDM-UART/UART_Interrupt/component/lists" -I"/home/divine/Desktop/FRDM-UART/UART_Interrupt/CMSIS" -I"/home/divine/Desktop/FRDM-UART/UART_Interrupt/device" -O0 -fno-common -g3 -Wall -c -ffunction-sections -fdata-sections -ffreestanding -fno-builtin -fmerge-constants -fmacro-prefix-map="../source/"=. -mcpu=cortex-m4 -mfpu=fpv4-sp-d16 -mfloat-abi=hard -mthumb -D__REDLIB__ -fstack-usage -specs=redlib.specs -MMD -MP -MF"source/uart_read.d" -MT"source/uart_read.o" -MT"source/uart_read.d" -o "source/uart_read.o" "../source/uart_read.c"
../source/uart_read.c: In function 'UART0_RX_TX_IRQHandler':
../source/uart_read.c:19:11: warning: variable 'flag_status' set but not used [-Wunused-but-set-variable]
   19 |  uint32_t flag_status;
      |           ^~~~~~~~~~~
../source/uart_init.c: In function 'Init_UART0':
../source/uart_init.c:82:11: warning: unused variable 'flag_status' [-Wunused-variable]
   82 |  uint32_t flag_status;
      |           ^~~~~~~~~~~
Finished building: ../source/uart_read.c
 
Finished building: ../source/uart_init.c
 
Building target: UART_Interrupt.axf
Invoking: MCU Linker
arm-none-eabi-gcc -nostdlib -Xlinker -Map="UART_Interrupt.map" -Xlinker --gc-sections -Xlinker -print-memory-usage -Xlinker --sort-section=alignment -Xlinker --cref -mcpu=cortex-m4 -mfpu=fpv4-sp-d16 -mfloat-abi=hard -mthumb -T "UART_Interrupt_Debug.ld" -o "UART_Interrupt.axf"  ./utilities/fsl_debug_console.o ./utilities/fsl_str.o  ./startup/startup_mk64f12.o  ./source/main.o ./source/uart_init.o ./source/uart_read.o  ./drivers/fsl_adc16.o ./drivers/fsl_clock.o ./drivers/fsl_common.o ./drivers/fsl_common_arm.o ./drivers/fsl_gpio.o ./drivers/fsl_i2c.o ./drivers/fsl_smc.o ./drivers/fsl_uart.o  ./device/system_MK64F12.o  ./component/uart/fsl_adapter_uart.o  ./component/serial_manager/fsl_component_serial_manager.o ./component/serial_manager/fsl_component_serial_port_uart.o  ./component/lists/fsl_component_generic_list.o  ./board/board.o ./board/clock_config.o ./board/peripherals.o ./board/pin_mux.o   
Memory region         Used Size  Region Size  %age Used
   PROGRAM_FLASH:       12400 B         1 MB      1.18%
      SRAM_UPPER:        8456 B       192 KB      4.30%
      SRAM_LOWER:          0 GB        64 KB      0.00%
        FLEX_RAM:          0 GB         4 KB      0.00%
Finished building target: UART_Interrupt.axf
 
make --no-print-directory post-build
Performing post-build steps
arm-none-eabi-size "UART_Interrupt.axf"; # arm-none-eabi-objcopy -v -O binary "UART_Interrupt.axf" "UART_Interrupt.bin" ; # checksum -p MK64FN1M0xxx12 -d "UART_Interrupt.bin";
   text	   data	    bss	    dec	    hex	filename
  12384	     16	   8440	  20840	   5168	UART_Interrupt.axf
 

14:16:12 Build Finished. 0 errors, 2 warnings. (took 1s.397ms)

